ASxxxx Linker V03.00 + NoICE + sdld,  page 1.
Hexadecimal  [32-Bits]

Area                                    Addr        Size        Decimal Bytes (Attributes)
--------------------------------        ----        ----        ------- ----- ------------
CABS                                00000000    00000000 =           0. bytes (ABS,CON,CODE)

      Value  Global                              Global Defined In Module
      -----  --------------------------------   ------------------------
C:   00000000  l_BIT_BANK                      
C:   00000000  l_BSEG                          
C:   00000000  l_BSEG_BYTES                    
C:   00000000  l_CABS                          
C:   00000000  l_GSINIT                        
C:   00000000  l_GSINIT1                       
C:   00000000  l_GSINIT5                       
C:   00000000  l_IABS                          
C:   00000000  l_ISEG                          
C:   00000000  l_PSEG                          
C:   00000000  l_REG_BANK_2                    
C:   00000000  l_REG_BANK_3                    
C:   00000000  l_RSEG                          
C:   00000000  l_RSEG0                         
C:   00000000  l_RSEG1                         
C:   00000000  l_XABS                          
C:   00000000  l__CODE                         
C:   00000000  s_BSEG                          
C:   00000000  s_CABS                          
C:   00000000  s_DSEG                          
C:   00000000  s_IABS                          
C:   00000000  s_ISEG                          
C:   00000000  s_REG_BANK_0                    
C:   00000000  s_RSEG                          
C:   00000000  s_RSEG0                         
C:   00000000  s_RSEG1                         
C:   00000000  s_XABS                          
C:   00000002  l_XINIT                         
C:   00000002  l_XISEG                         
C:   00000003  l_GSFINAL                       
C:   00000003  l_GSINIT0                       
C:   00000005  l_OSEG                          
C:   00000008  l_REG_BANK_0                    
C:   00000008  l_REG_BANK_1                    
C:   00000008  s_REG_BANK_1                    
C:   0000000A  l_GSINIT2                       
C:   00000010  s_REG_BANK_2                    
C:   00000011  l_HOME                          
C:   00000018  s_BIT_BANK                      
C:   00000018  s_REG_BANK_3                    
C:   00000020  s_BSEG_BYTES                    
C:   00000020  s__CODE                         
C:   00000022  l_GSINIT3                       
C:   0000002A  l_GSINIT4                       
C:   0000003D  s_OSEG                          
C:   00000042  s_SSEG                          
C:   00000080  l_DSEG                          
C:   000000BE  l_SSEG                          
C:   00000100  l_IRAM                          
C:   000005CB  l_CONST                         
ASxxxx Linker V03.00 + NoICE + sdld,  page 2.
Hexadecimal  [32-Bits]

Area                                    Addr        Size        Decimal Bytes (Attributes)
--------------------------------        ----        ----        ------- ----- ------------
CABS                                00000000    00000000 =           0. bytes (ABS,CON,CODE)

      Value  Global                              Global Defined In Module
      -----  --------------------------------   ------------------------
C:   00001527  l_XSEG                          
C:   00002000  s_HOME                          
C:   00002011  s_GSINIT0                       
C:   00002014  s_GSINIT1                       
C:   00002014  s_GSINIT2                       
C:   0000201E  s_GSINIT3                       
C:   00002040  s_GSINIT4                       
C:   0000206A  s_GSFINAL                       
C:   0000206A  s_GSINIT                        
C:   0000206A  s_GSINIT5                       
C:   0000206D  s_CSEG                          
C:   0000248A  l_CSEG                          
C:   000044F7  s_CONST                         
C:   00004AC2  s_XINIT                         
C:   00008000  s_PSEG                          
C:   00008000  s_XSEG                          
C:   00009527  s_XISEG                         

ASxxxx Linker V03.00 + NoICE + sdld,  page 3.
Hexadecimal  [32-Bits]

Area                                    Addr        Size        Decimal Bytes (Attributes)
--------------------------------        ----        ----        ------- ----- ------------
.  .ABS.                            00000000    00000000 =           0. bytes (ABS,CON)

      Value  Global                              Global Defined In Module
      -----  --------------------------------   ------------------------
     00000000  .__.ABS.                           _bp
     00000080  _P0                                portme
     00000080  _P0_0                              portme
     00000081  _P0_1                              portme
     00000081  _SP                                portme
     00000082  _DPL                               portme
     00000082  _P0_2                              portme
     00000083  _DPH                               portme
     00000083  _P0_3                              portme
     00000084  _P0_4                              portme
     00000085  _P0_5                              portme
     00000086  _P0_6                              portme
     00000087  _P0_7                              portme
     00000087  _PCON                              portme
     00000088  _IT0                               portme
     00000088  _TCON                              portme
     00000089  _IE0                               portme
     00000089  _TMOD                              portme
     0000008A  _IT1                               portme
     0000008A  _TL0                               portme
     0000008B  _IE1                               portme
     0000008B  _TL1                               portme
     0000008C  _TH0                               portme
     0000008C  _TR0                               portme
     0000008D  _TF0                               portme
     0000008D  _TH1                               portme
     0000008E  _TR1                               portme
     0000008F  _TF1                               portme
     00000090  _P1                                portme
     00000090  _P1_0                              portme
     00000090  _T2                                portme
     00000091  _P1_1                              portme
     00000091  _T2EX                              portme
     00000092  _P1_2                              portme
     00000093  _P1_3                              portme
     00000094  _P1_4                              portme
     00000095  _P1_5                              portme
     00000096  _P1_6                              portme
     00000097  _P1_7                              portme
     00000098  _RI                                portme
     00000098  _SCON                              portme
     00000099  _SBUF                              portme
     00000099  _TI                                portme
     0000009A  _RB8                               portme
     0000009B  _TB8                               portme
     0000009C  _REN                               portme
     0000009D  _SM2                               portme
     0000009E  _SM1                               portme
     0000009F  _SM0                               portme
     000000A0  _P2                                portme
ASxxxx Linker V03.00 + NoICE + sdld,  page 4.
Hexadecimal  [32-Bits]

Area                                    Addr        Size        Decimal Bytes (Attributes)
--------------------------------        ----        ----        ------- ----- ------------
.  .ABS.                            00000000    00000000 =           0. bytes (ABS,CON)

      Value  Global                              Global Defined In Module
      -----  --------------------------------   ------------------------
     000000A0  _P2_0                              portme
     000000A0  __XPAGE                            
     000000A1  _P2_1                              portme
     000000A2  _P2_2                              portme
     000000A3  _P2_3                              portme
     000000A4  _P2_4                              portme
     000000A5  _P2_5                              portme
     000000A6  _P2_6                              portme
     000000A7  _P2_7                              portme
     000000A8  _EX0                               portme
     000000A8  _IE                                portme
     000000A9  _ET0                               portme
     000000AA  _EX1                               portme
     000000AB  _ET1                               portme
     000000AC  _ES                                portme
     000000AD  _ET2                               portme
     000000AF  _EA                                portme
     000000B0  _P3                                portme
     000000B0  _P3_0                              portme
     000000B0  _RXD                               portme
     000000B1  _P3_1                              portme
     000000B1  _TXD                               portme
     000000B2  _INT0                              portme
     000000B2  _P3_2                              portme
     000000B3  _INT1                              portme
     000000B3  _P3_3                              portme
     000000B4  _P3_4                              portme
     000000B4  _T0                                portme
     000000B5  _P3_5                              portme
     000000B5  _T1                                portme
     000000B6  _P3_6                              portme
     000000B6  _WR                                portme
     000000B7  _P3_7                              portme
     000000B7  _RD                                portme
     000000B8  _IP                                portme
     000000B8  _PX0                               portme
     000000B9  _PT0                               portme
     000000BA  _PX1                               portme
     000000BB  _PT1                               portme
     000000BC  _PS                                portme
     000000BD  _PT2                               portme
     000000C8  _CP_RL2                            portme
     000000C8  _T2CON                             portme
     000000C8  _T2CON_0                           portme
     000000C9  _C_T2                              portme
     000000C9  _T2CON_1                           portme
     000000C9  _T2MOD                             portme
     000000CA  _RCAP2L                            portme
     000000CA  _T2CON_2                           portme
     000000CA  _TR2                               portme
     000000CB  _EXEN2                             portme
ASxxxx Linker V03.00 + NoICE + sdld,  page 5.
Hexadecimal  [32-Bits]

Area                                    Addr        Size        Decimal Bytes (Attributes)
--------------------------------        ----        ----        ------- ----- ------------
.  .ABS.                            00000000    00000000 =           0. bytes (ABS,CON)

      Value  Global                              Global Defined In Module
      -----  --------------------------------   ------------------------
     000000CB  _RCAP2H                            portme
     000000CB  _T2CON_3                           portme
     000000CC  _T2CON_4                           portme
     000000CC  _TCLK                              portme
     000000CC  _TL2                               portme
     000000CD  _RCLK                              portme
     000000CD  _T2CON_5                           portme
     000000CD  _TH2                               portme
     000000CE  _EXF2                              portme
     000000CE  _T2CON_6                           portme
     000000CF  _T2CON_7                           portme
     000000CF  _TF2                               portme
     000000D0  _P                                 portme
     000000D0  _PSW                               portme
     000000D1  _FL                                portme
     000000D2  _OV                                portme
     000000D3  _RS0                               portme
     000000D4  _RS1                               portme
     000000D5  _F0                                portme
     000000D6  _AC                                portme
     000000D7  _CY                                portme
     000000E0  _A                                 portme
     000000E0  _ACC                               portme
     000000F0  _B                                 portme
     000000F5  _B_5                               _gptrget
     000000F6  _B_6                               _gptrget
     000000F7  _B_7                               _gptrget

ASxxxx Linker V03.00 + NoICE + sdld,  page 6.
Hexadecimal  [32-Bits]

Area                                    Addr        Size        Decimal Bytes (Attributes)
--------------------------------        ----        ----        ------- ----- ------------
REG_BANK_0                          00000000    00000008 =           8. bytes (REL,OVR)

      Value  Global                              Global Defined In Module
      -----  --------------------------------   ------------------------
ASxxxx Linker V03.00 + NoICE + sdld,  page 7.
Hexadecimal  [32-Bits]

Area                                    Addr        Size        Decimal Bytes (Attributes)
--------------------------------        ----        ----        ------- ----- ------------
REG_BANK_1                          00000008    00000008 =           8. bytes (REL,OVR)

      Value  Global                              Global Defined In Module
      -----  --------------------------------   ------------------------
ASxxxx Linker V03.00 + NoICE + sdld,  page 8.
Hexadecimal  [32-Bits]

Area                                    Addr        Size        Decimal Bytes (Attributes)
--------------------------------        ----        ----        ------- ----- ------------
DSEG                                00000000    00000080 =         128. bytes (REL,CON)

      Value  Global                              Global Defined In Module
      -----  --------------------------------   ------------------------
     0000002B  _clocktime                         portme
     0000002F  _sendcounter                       portme
     00000030  _senddata                          portme
     0000003C  _bp                                _bp

ASxxxx Linker V03.00 + NoICE + sdld,  page 9.
Hexadecimal  [32-Bits]

Area                                    Addr        Size        Decimal Bytes (Attributes)
--------------------------------        ----        ----        ------- ----- ------------
OSEG                                0000003D    00000005 =           5. bytes (REL,OVR)

      Value  Global                              Global Defined In Module
      -----  --------------------------------   ------------------------
ASxxxx Linker V03.00 + NoICE + sdld,  page 10.
Hexadecimal  [32-Bits]

Area                                    Addr        Size        Decimal Bytes (Attributes)
--------------------------------        ----        ----        ------- ----- ------------
SSEG                                00000042    000000BE =         190. bytes (REL,OVR)

      Value  Global                              Global Defined In Module
      -----  --------------------------------   ------------------------
     00000042  __start__stack                     dhry_1

ASxxxx Linker V03.00 + NoICE + sdld,  page 11.
Hexadecimal  [32-Bits]

Area                                    Addr        Size        Decimal Bytes (Attributes)
--------------------------------        ----        ----        ------- ----- ------------
XSEG                                00008000    00001527 =        5415. bytes (REL,CON,XDATA)

      Value  Global                              Global Defined In Module
      -----  --------------------------------   ------------------------
D:   00008000  _Ptr_Glob                          dhry_1
D:   00008003  _Next_Ptr_Glob                     dhry_1
D:   00008006  _Int_Glob                          dhry_1
D:   00008008  _Bool_Glob                         dhry_1
D:   0000800A  _Ch_1_Glob                         dhry_1
D:   0000800B  _Ch_2_Glob                         dhry_1
D:   0000800C  _Arr_1_Glob                        dhry_1
D:   00008070  _Arr_2_Glob                        dhry_1
D:   000093F8  _Begin_Time                        dhry_1
D:   000093FC  _End_Time                          dhry_1
D:   00009400  _User_Time                         dhry_1
D:   00009404  _Microseconds                      dhry_1
D:   00009408  _Dhrystones_Per_Second             dhry_1
D:   0000940C  _malloc_1                          dhry_1
D:   00009432  _malloc_2                          dhry_1
D:   000094A7  _Proc_6_PARM_2                     dhry_2
D:   000094AB  _Proc_7_PARM_2                     dhry_2
D:   000094AD  _Proc_7_PARM_3                     dhry_2
D:   000094B2  _Proc_8_PARM_2                     dhry_2
D:   000094B5  _Proc_8_PARM_3                     dhry_2
D:   000094B7  _Proc_8_PARM_4                     dhry_2
D:   000094BC  _Func_1_PARM_2                     dhry_2
D:   000094BE  _Func_2_PARM_2                     dhry_2
D:   000094C8  _clockupdate                       portme
D:   000094C9  _sending                           portme
D:   000094CE  _strcpy_PARM_2                     _strcpy
D:   000094D4  ___memcpy_PARM_2                   __memcpy
D:   000094D7  ___memcpy_PARM_3                   __memcpy
D:   000094DC  __gptrput_PARM_2                   _gptrput
D:   000094DD  __mulint_PARM_2                    _mulint
D:   000094DF  _strcmp_PARM_2                     _strcmp
D:   000094E5  __divsint_PARM_2                   _divsint
D:   000094E9  __divuint_PARM_2                   _divuint
D:   000094F0  _vprintf_PARM_2                    vprintf
D:   00009505  __print_format_PARM_2              printf_large
D:   00009508  __print_format_PARM_3              printf_large
D:   0000950B  __print_format_PARM_4              printf_large

ASxxxx Linker V03.00 + NoICE + sdld,  page 12.
Hexadecimal  [32-Bits]

Area                                    Addr        Size        Decimal Bytes (Attributes)
--------------------------------        ----        ----        ------- ----- ------------
XISEG                               00009527    00000002 =           2. bytes (REL,CON,XDATA)

      Value  Global                              Global Defined In Module
      -----  --------------------------------   ------------------------
D:   00009527  _Reg                               dhry_1

ASxxxx Linker V03.00 + NoICE + sdld,  page 13.
Hexadecimal  [32-Bits]

Area                                    Addr        Size        Decimal Bytes (Attributes)
--------------------------------        ----        ----        ------- ----- ------------
HOME                                00002000    00000011 =          17. bytes (REL,CON,CODE)

      Value  Global                              Global Defined In Module
      -----  --------------------------------   ------------------------
C:   0000200E  __sdcc_program_startup             dhry_1

ASxxxx Linker V03.00 + NoICE + sdld,  page 14.
Hexadecimal  [32-Bits]

Area                                    Addr        Size        Decimal Bytes (Attributes)
--------------------------------        ----        ----        ------- ----- ------------
GSINIT0                             00002011    00000003 =           3. bytes (REL,CON,CODE)

      Value  Global                              Global Defined In Module
      -----  --------------------------------   ------------------------
C:   00002011  __sdcc_gsinit_startup              

ASxxxx Linker V03.00 + NoICE + sdld,  page 15.
Hexadecimal  [32-Bits]

Area                                    Addr        Size        Decimal Bytes (Attributes)
--------------------------------        ----        ----        ------- ----- ------------
GSINIT2                             00002014    0000000A =          10. bytes (REL,CON,CODE)

      Value  Global                              Global Defined In Module
      -----  --------------------------------   ------------------------
ASxxxx Linker V03.00 + NoICE + sdld,  page 16.
Hexadecimal  [32-Bits]

Area                                    Addr        Size        Decimal Bytes (Attributes)
--------------------------------        ----        ----        ------- ----- ------------
GSINIT3                             0000201E    00000022 =          34. bytes (REL,CON,CODE)

      Value  Global                              Global Defined In Module
      -----  --------------------------------   ------------------------
C:   0000201E  __mcs51_genXINIT                   

ASxxxx Linker V03.00 + NoICE + sdld,  page 17.
Hexadecimal  [32-Bits]

Area                                    Addr        Size        Decimal Bytes (Attributes)
--------------------------------        ----        ----        ------- ----- ------------
GSINIT4                             00002040    0000002A =          42. bytes (REL,CON,CODE)

      Value  Global                              Global Defined In Module
      -----  --------------------------------   ------------------------
C:   00002040  __mcs51_genRAMCLEAR                
C:   00002046  __mcs51_genXRAMCLEAR               

ASxxxx Linker V03.00 + NoICE + sdld,  page 18.
Hexadecimal  [32-Bits]

Area                                    Addr        Size        Decimal Bytes (Attributes)
--------------------------------        ----        ----        ------- ----- ------------
GSFINAL                             0000206A    00000003 =           3. bytes (REL,CON,CODE)

      Value  Global                              Global Defined In Module
      -----  --------------------------------   ------------------------
ASxxxx Linker V03.00 + NoICE + sdld,  page 19.
Hexadecimal  [32-Bits]

Area                                    Addr        Size        Decimal Bytes (Attributes)
--------------------------------        ----        ----        ------- ----- ------------
CSEG                                0000206D    0000248A =        9354. bytes (REL,CON,CODE)

      Value  Global                              Global Defined In Module
      -----  --------------------------------   ------------------------
C:   0000206D  _main                              dhry_1
C:   00002D07  _Proc_1                            dhry_1
C:   00002F29  _Proc_2                            dhry_1
C:   00002F91  _Proc_3                            dhry_1
C:   0000301E  _Proc_4                            dhry_1
C:   0000303C  _Proc_5                            dhry_1
C:   0000304A  _Proc_6                            dhry_2
C:   000030F4  _Proc_7                            dhry_2
C:   00003136  _Proc_8                            dhry_2
C:   0000330C  _Func_1                            dhry_2
C:   0000332C  _Func_2                            dhry_2
C:   00003452  _Func_3                            dhry_2
C:   00003465  _putchar                           portme
C:   0000346A  _init                              portme
C:   0000347A  _clockinc                          portme
C:   000034B3  _clock                             portme
C:   000034E4  _strcpy                            _strcpy
C:   0000353D  ___fsmul                           _fsmul
C:   000035E0  fsgetargs                          _fsget2args
C:   0000360E  ___memcpy                          __memcpy
C:   00003682  fs_normalize_a                     _fsnormalize
C:   000036B5  ___slong2fs                        _slong2fs
C:   000036BE  slong2fs_doit                      _slong2fs
C:   000036E2  ___fs2slong                        _fs2slong
C:   0000373D  fsgetarg                           _fsget1arg
C:   0000374F  __gptrput                          _gptrput
C:   0000376A  __mulint                           _mulint
C:   0000378A  _strcmp                            _strcmp
C:   00003813  __divsint                          _divsint
C:   00003885  __divuint                          _divuint
C:   00003912  fs_round_and_return                _fsreturnval
C:   0000392A  fs_zerocheck_return                _fsreturnval
C:   00003933  fs_return_zero                     _fsreturnval
C:   0000393B  fs_direct_return                   _fsreturnval
C:   00003949  fs_return_inf                      _fsreturnval
C:   00003956  fs_return_nan                      _fsreturnval
C:   00003970  _vprintf                           vprintf
C:   000039AF  _printf                            vprintf
C:   00003AB8  __print_format                     printf_large
C:   000043B9  _strlen                            _strlen
C:   000043D1  ___fsdiv                           _fsdiv
C:   00004494  __gptrget                          _gptrget
C:   000044B0  fs_rshift_a                        _fsrshift
C:   000044F3  __sdcc_external_startup            _startup

ASxxxx Linker V03.00 + NoICE + sdld,  page 20.
Hexadecimal  [32-Bits]

Area                                    Addr        Size        Decimal Bytes (Attributes)
--------------------------------        ----        ----        ------- ----- ------------
CONST                               000044F7    000005CB =        1483. bytes (REL,CON,CODE)

      Value  Global                              Global Defined In Module
      -----  --------------------------------   ------------------------
ASxxxx Linker V03.00 + NoICE + sdld,  page 21.
Hexadecimal  [32-Bits]

Area                                    Addr        Size        Decimal Bytes (Attributes)
--------------------------------        ----        ----        ------- ----- ------------
XINIT                               00004AC2    00000002 =           2. bytes (REL,CON,CODE)

      Value  Global                              Global Defined In Module
      -----  --------------------------------   ------------------------
ASxxxx Linker V03.00 + NoICE + sdld,  page 22.

Files Linked                              [ module(s) ]

dhry_1.rel                                [  ]
dhry_2.rel                                [  ]
portme.rel                                [  ]


Libraries Linked                          [ object file ]

/usr/bin/../share/sdcc/lib/large/libsdcc.lib
                                          [ _strcpy.rel ]
/usr/bin/../share/sdcc/lib/large/libfloat.lib
                                          [ _fsmul.rel ]
/usr/bin/../share/sdcc/lib/large/libfloat.lib
                                          [ _fsget2args.rel ]
/usr/bin/../share/sdcc/lib/large/mcs51.lib
                                          [ crtclear.rel ]
/usr/bin/../share/sdcc/lib/large/libsdcc.lib
                                          [ __memcpy.rel ]
/usr/bin/../share/sdcc/lib/large/libfloat.lib
                                          [ _fsnormalize.rel ]
/usr/bin/../share/sdcc/lib/large/libfloat.lib
                                          [ _slong2fs.rel ]
/usr/bin/../share/sdcc/lib/large/libfloat.lib
                                          [ _fs2slong.rel ]
/usr/bin/../share/sdcc/lib/large/mcs51.lib
                                          [ crtxinit.rel ]
/usr/bin/../share/sdcc/lib/large/libfloat.lib
                                          [ _fsget1arg.rel ]
/usr/bin/../share/sdcc/lib/large/libsdcc.lib
                                          [ _gptrput.rel ]
/usr/bin/../share/sdcc/lib/large/libint.lib
                                          [ _mulint.rel ]
/usr/bin/../share/sdcc/lib/large/libsdcc.lib
                                          [ _strcmp.rel ]
/usr/bin/../share/sdcc/lib/large/mcs51.lib
                                          [ crtxclear.rel ]
/usr/bin/../share/sdcc/lib/large/libint.lib
                                          [ _divsint.rel ]
/usr/bin/../share/sdcc/lib/large/libint.lib
                                          [ _divuint.rel ]
/usr/bin/../share/sdcc/lib/large/libfloat.lib
                                          [ _fsreturnval.rel ]
/usr/bin/../share/sdcc/lib/large/libsdcc.lib
                                          [ vprintf.rel ]
/usr/bin/../share/sdcc/lib/large/libsdcc.lib
                                          [ printf_large.rel ]
/usr/bin/../share/sdcc/lib/large/mcs51.lib
                                          [ crtpagesfr.rel ]
/usr/bin/../share/sdcc/lib/large/libsdcc.lib
                                          [ _strlen.rel ]
/usr/bin/../share/sdcc/lib/large/libfloat.lib
                                          [ _fsdiv.rel ]
/usr/bin/../share/sdcc/lib/large/mcs51.lib
                                          [ crtstart.rel ]
/usr/bin/../share/sdcc/lib/large/libsdcc.lib
                                          [ _gptrget.rel ]
/usr/bin/../share/sdcc/lib/large/libfloat.lib
                                          [ _fsrshift.rel ]
/usr/bin/../share/sdcc/lib/large/libsdcc.lib
                                          [ _startup.rel ]
/usr/bin/../share/sdcc/lib/large/libsdcc.lib
                                          [ _bp.rel ]

ASxxxx Linker V03.00 + NoICE + sdld,  page 23.

User Base Address Definitions

HOME = 0x2000
XSEG = 0x8000
PSEG = 0x8000
ISEG = 0x0000
BSEG = 0x0000

