ASxxxx Linker V03.00 + NoICE + sdld,  page 1.
Hexadecimal  [32-Bits]

Area                                    Addr        Size        Decimal Bytes (Attributes)
--------------------------------        ----        ----        ------- ----- ------------
CABS                                00000000    00000000 =           0. bytes (ABS,CON,CODE)

      Value  Global                              Global Defined In Module
      -----  --------------------------------   ------------------------
C:   00000000  l_BSEG                          
C:   00000000  l_BSEG_BYTES                    
C:   00000000  l_CABS                          
C:   00000000  l_GSINIT1                       
C:   00000000  l_GSINIT5                       
C:   00000000  l_IABS                          
C:   00000000  l_OSEG                          
C:   00000000  l_PSEG                          
C:   00000000  l_REG_BANK_2                    
C:   00000000  l_REG_BANK_3                    
C:   00000000  l_RSEG                          
C:   00000000  l_RSEG0                         
C:   00000000  l_RSEG1                         
C:   00000000  l_XABS                          
C:   00000000  l_XINIT                         
C:   00000000  l_XISEG                         
C:   00000000  l__CODE                         
C:   00000000  s_BSEG                          
C:   00000000  s_CABS                          
C:   00000000  s_DSEG                          
C:   00000000  s_IABS                          
C:   00000000  s_REG_BANK_0                    
C:   00000000  s_RSEG                          
C:   00000000  s_RSEG0                         
C:   00000000  s_RSEG1                         
C:   00000000  s_XABS                          
C:   00000001  l_BIT_BANK                      
C:   00000003  l_GSFINAL                       
C:   00000003  l_GSINIT0                       
C:   00000008  l_REG_BANK_0                    
C:   00000008  l_REG_BANK_1                    
C:   00000008  s_REG_BANK_1                    
C:   0000000A  l_GSINIT2                       
C:   00000010  s_REG_BANK_2                    
C:   00000018  s_REG_BANK_3                    
C:   00000019  l_HOME                          
C:   00000020  s_BIT_BANK                      
C:   00000020  s_BSEG_BYTES                    
C:   00000020  s_OSEG                          
C:   00000020  s__CODE                         
C:   00000021  s_ISEG                          
C:   00000022  l_GSINIT3                       
C:   0000002A  l_GSINIT4                       
C:   0000002A  l_ISEG                          
C:   0000004B  s_SSEG                          
C:   00000050  l_GSINIT                        
C:   0000005B  l_CONST                         
C:   00000071  l_DSEG                          
C:   000000B5  l_SSEG                          
C:   00000100  l_IRAM                          
ASxxxx Linker V03.00 + NoICE + sdld,  page 2.
Hexadecimal  [32-Bits]

Area                                    Addr        Size        Decimal Bytes (Attributes)
--------------------------------        ----        ----        ------- ----- ------------
CABS                                00000000    00000000 =           0. bytes (ABS,CON,CODE)

      Value  Global                              Global Defined In Module
      -----  --------------------------------   ------------------------
C:   00000CB2  l_CSEG                          
C:   00001800  l_XSEG                          
C:   00002000  s_HOME                          
C:   00002019  s_GSINIT0                       
C:   0000201C  s_GSINIT1                       
C:   0000201C  s_GSINIT2                       
C:   00002026  s_GSINIT3                       
C:   00002048  s_GSINIT4                       
C:   00002072  s_GSINIT                        
C:   00002072  s_GSINIT5                       
C:   000020C2  s_GSFINAL                       
C:   000020C5  s_CSEG                          
C:   00002D77  s_CONST                         
C:   00002DD2  s_XINIT                         
C:   00004000  s_PSEG                          
C:   00004000  s_XSEG                          
C:   00005800  s_XISEG                         

ASxxxx Linker V03.00 + NoICE + sdld,  page 3.
Hexadecimal  [32-Bits]

Area                                    Addr        Size        Decimal Bytes (Attributes)
--------------------------------        ----        ----        ------- ----- ------------
.  .ABS.                            00000000    00000000 =           0. bytes (ABS,CON)

      Value  Global                              Global Defined In Module
      -----  --------------------------------   ------------------------
     00000000  .__.ABS.                           _gptrput
     00000080  _P0                                sio
     00000080  _P0_0                              sio
     00000081  _P0_1                              sio
     00000081  _SP                                sio
     00000082  _DPL                               sio
     00000082  _P0_2                              sio
     00000083  _DPH                               sio
     00000083  _P0_3                              sio
     00000084  _P0_4                              sio
     00000085  _P0_5                              sio
     00000086  _P0_6                              sio
     00000087  _P0_7                              sio
     00000087  _PCON                              sio
     00000088  _IT0                               sio
     00000088  _TCON                              sio
     00000089  _IE0                               sio
     00000089  _TMOD                              sio
     0000008A  _IT1                               sio
     0000008A  _TL0                               sio
     0000008B  _IE1                               sio
     0000008B  _TL1                               sio
     0000008C  _TH0                               sio
     0000008C  _TR0                               sio
     0000008D  _TF0                               sio
     0000008D  _TH1                               sio
     0000008E  _TR1                               sio
     0000008F  _TF1                               sio
     00000090  _P1                                sio
     00000090  _P1_0                              sio
     00000090  _T2                                sio
     00000091  _P1_1                              sio
     00000091  _T2EX                              sio
     00000092  _P1_2                              sio
     00000093  _P1_3                              sio
     00000094  _P1_4                              sio
     00000095  _P1_5                              sio
     00000096  _P1_6                              sio
     00000097  _P1_7                              sio
     00000098  _RI                                sio
     00000098  _SCON                              sio
     00000099  _SBUF                              sio
     00000099  _TI                                sio
     0000009A  _RB8                               sio
     0000009B  _TB8                               sio
     0000009C  _REN                               sio
     0000009D  _SM2                               sio
     0000009E  _SM1                               sio
     0000009F  _SM0                               sio
     000000A0  _P2                                sio
ASxxxx Linker V03.00 + NoICE + sdld,  page 4.
Hexadecimal  [32-Bits]

Area                                    Addr        Size        Decimal Bytes (Attributes)
--------------------------------        ----        ----        ------- ----- ------------
.  .ABS.                            00000000    00000000 =           0. bytes (ABS,CON)

      Value  Global                              Global Defined In Module
      -----  --------------------------------   ------------------------
     000000A0  _P2_0                              sio
     000000A0  __XPAGE                            
     000000A1  _P2_1                              sio
     000000A2  _P2_2                              sio
     000000A3  _P2_3                              sio
     000000A4  _P2_4                              sio
     000000A5  _P2_5                              sio
     000000A6  _P2_6                              sio
     000000A7  _P2_7                              sio
     000000A8  _EX0                               sio
     000000A8  _IE                                sio
     000000A9  _ET0                               sio
     000000AA  _EX1                               sio
     000000AB  _ET1                               sio
     000000AC  _ES                                sio
     000000AD  _ET2                               sio
     000000AF  _EA                                sio
     000000B0  _P3                                sio
     000000B0  _P3_0                              sio
     000000B0  _RXD                               sio
     000000B1  _P3_1                              sio
     000000B1  _TXD                               sio
     000000B2  _INT0                              sio
     000000B2  _P3_2                              sio
     000000B3  _INT1                              sio
     000000B3  _P3_3                              sio
     000000B4  _P3_4                              sio
     000000B4  _T0                                sio
     000000B5  _P3_5                              sio
     000000B5  _T1                                sio
     000000B6  _P3_6                              sio
     000000B6  _WR                                sio
     000000B7  _P3_7                              sio
     000000B7  _RD                                sio
     000000B8  _IP                                sio
     000000B8  _PX0                               sio
     000000B9  _PT0                               sio
     000000BA  _PX1                               sio
     000000BB  _PT1                               sio
     000000BC  _PS                                sio
     000000BD  _PT2                               sio
     000000C8  _CP_RL2                            sio
     000000C8  _T2CON                             sio
     000000C8  _T2CON_0                           sio
     000000C9  _C_T2                              sio
     000000C9  _T2CON_1                           sio
     000000C9  _T2MOD                             sio
     000000CA  _RCAP2L                            sio
     000000CA  _T2CON_2                           sio
     000000CA  _TR2                               sio
     000000CB  _EXEN2                             sio
ASxxxx Linker V03.00 + NoICE + sdld,  page 5.
Hexadecimal  [32-Bits]

Area                                    Addr        Size        Decimal Bytes (Attributes)
--------------------------------        ----        ----        ------- ----- ------------
.  .ABS.                            00000000    00000000 =           0. bytes (ABS,CON)

      Value  Global                              Global Defined In Module
      -----  --------------------------------   ------------------------
     000000CB  _RCAP2H                            sio
     000000CB  _T2CON_3                           sio
     000000CC  _T2CON_4                           sio
     000000CC  _TCLK                              sio
     000000CC  _TL2                               sio
     000000CD  _RCLK                              sio
     000000CD  _T2CON_5                           sio
     000000CD  _TH2                               sio
     000000CE  _EXF2                              sio
     000000CE  _T2CON_6                           sio
     000000CF  _T2CON_7                           sio
     000000CF  _TF2                               sio
     000000D0  _P                                 sio
     000000D0  _PSW                               sio
     000000D1  _FL                                sio
     000000D2  _OV                                sio
     000000D3  _RS0                               sio
     000000D4  _RS1                               sio
     000000D5  _F0                                sio
     000000D6  _AC                                sio
     000000D7  _CY                                sio
     000000E0  _A                                 sio
     000000E0  _ACC                               sio
     000000F0  _B                                 sio
     000000F5  _B_5                               _gptrput
     000000F6  _B_6                               _gptrput
     000000F7  _B_7                               _gptrput

ASxxxx Linker V03.00 + NoICE + sdld,  page 6.
Hexadecimal  [32-Bits]

Area                                    Addr        Size        Decimal Bytes (Attributes)
--------------------------------        ----        ----        ------- ----- ------------
REG_BANK_0                          00000000    00000008 =           8. bytes (REL,OVR)

      Value  Global                              Global Defined In Module
      -----  --------------------------------   ------------------------
ASxxxx Linker V03.00 + NoICE + sdld,  page 7.
Hexadecimal  [32-Bits]

Area                                    Addr        Size        Decimal Bytes (Attributes)
--------------------------------        ----        ----        ------- ----- ------------
REG_BANK_1                          00000008    00000008 =           8. bytes (REL,OVR)

      Value  Global                              Global Defined In Module
      -----  --------------------------------   ------------------------
ASxxxx Linker V03.00 + NoICE + sdld,  page 8.
Hexadecimal  [32-Bits]

Area                                    Addr        Size        Decimal Bytes (Attributes)
--------------------------------        ----        ----        ------- ----- ------------
BIT_BANK                            00000020    00000001 =           1. bytes (REL,OVR)

      Value  Global                              Global Defined In Module
      -----  --------------------------------   ------------------------
ASxxxx Linker V03.00 + NoICE + sdld,  page 9.
Hexadecimal  [32-Bits]

Area                                    Addr        Size        Decimal Bytes (Attributes)
--------------------------------        ----        ----        ------- ----- ------------
DSEG                                00000000    00000071 =         113. bytes (REL,CON)

      Value  Global                              Global Defined In Module
      -----  --------------------------------   ------------------------
     00000010  _bp                                _bp

ASxxxx Linker V03.00 + NoICE + sdld,  page 10.
Hexadecimal  [32-Bits]

Area                                    Addr        Size        Decimal Bytes (Attributes)
--------------------------------        ----        ----        ------- ----- ------------
ISEG                                00000021    0000002A =          42. bytes (REL,CON)

      Value  Global                              Global Defined In Module
      -----  --------------------------------   ------------------------
ASxxxx Linker V03.00 + NoICE + sdld,  page 11.
Hexadecimal  [32-Bits]

Area                                    Addr        Size        Decimal Bytes (Attributes)
--------------------------------        ----        ----        ------- ----- ------------
SSEG                                0000004B    000000B5 =         181. bytes (REL,OVR)

      Value  Global                              Global Defined In Module
      -----  --------------------------------   ------------------------
     0000004B  __start__stack                     life

ASxxxx Linker V03.00 + NoICE + sdld,  page 12.
Hexadecimal  [32-Bits]

Area                                    Addr        Size        Decimal Bytes (Attributes)
--------------------------------        ----        ----        ------- ----- ------------
XSEG                                00004000    00001800 =        6144. bytes (REL,CON,XDATA)

      Value  Global                              Global Defined In Module
      -----  --------------------------------   ------------------------
ASxxxx Linker V03.00 + NoICE + sdld,  page 13.
Hexadecimal  [32-Bits]

Area                                    Addr        Size        Decimal Bytes (Attributes)
--------------------------------        ----        ----        ------- ----- ------------
HOME                                00002000    00000019 =          25. bytes (REL,CON,CODE)

      Value  Global                              Global Defined In Module
      -----  --------------------------------   ------------------------
C:   00002016  __sdcc_program_startup             life

ASxxxx Linker V03.00 + NoICE + sdld,  page 14.
Hexadecimal  [32-Bits]

Area                                    Addr        Size        Decimal Bytes (Attributes)
--------------------------------        ----        ----        ------- ----- ------------
GSINIT0                             00002019    00000003 =           3. bytes (REL,CON,CODE)

      Value  Global                              Global Defined In Module
      -----  --------------------------------   ------------------------
C:   00002019  __sdcc_gsinit_startup              

ASxxxx Linker V03.00 + NoICE + sdld,  page 15.
Hexadecimal  [32-Bits]

Area                                    Addr        Size        Decimal Bytes (Attributes)
--------------------------------        ----        ----        ------- ----- ------------
GSINIT2                             0000201C    0000000A =          10. bytes (REL,CON,CODE)

      Value  Global                              Global Defined In Module
      -----  --------------------------------   ------------------------
ASxxxx Linker V03.00 + NoICE + sdld,  page 16.
Hexadecimal  [32-Bits]

Area                                    Addr        Size        Decimal Bytes (Attributes)
--------------------------------        ----        ----        ------- ----- ------------
GSINIT3                             00002026    00000022 =          34. bytes (REL,CON,CODE)

      Value  Global                              Global Defined In Module
      -----  --------------------------------   ------------------------
C:   00002026  __mcs51_genXINIT                   

ASxxxx Linker V03.00 + NoICE + sdld,  page 17.
Hexadecimal  [32-Bits]

Area                                    Addr        Size        Decimal Bytes (Attributes)
--------------------------------        ----        ----        ------- ----- ------------
GSINIT4                             00002048    0000002A =          42. bytes (REL,CON,CODE)

      Value  Global                              Global Defined In Module
      -----  --------------------------------   ------------------------
C:   00002048  __mcs51_genRAMCLEAR                
C:   0000204E  __mcs51_genXRAMCLEAR               

ASxxxx Linker V03.00 + NoICE + sdld,  page 18.
Hexadecimal  [32-Bits]

Area                                    Addr        Size        Decimal Bytes (Attributes)
--------------------------------        ----        ----        ------- ----- ------------
GSINIT                              00002072    00000050 =          80. bytes (REL,CON,CODE)

      Value  Global                              Global Defined In Module
      -----  --------------------------------   ------------------------
ASxxxx Linker V03.00 + NoICE + sdld,  page 19.
Hexadecimal  [32-Bits]

Area                                    Addr        Size        Decimal Bytes (Attributes)
--------------------------------        ----        ----        ------- ----- ------------
GSFINAL                             000020C2    00000003 =           3. bytes (REL,CON,CODE)

      Value  Global                              Global Defined In Module
      -----  --------------------------------   ------------------------
ASxxxx Linker V03.00 + NoICE + sdld,  page 20.
Hexadecimal  [32-Bits]

Area                                    Addr        Size        Decimal Bytes (Attributes)
--------------------------------        ----        ----        ------- ----- ------------
CSEG                                000020C5    00000CB2 =        3250. bytes (REL,CON,CODE)

      Value  Global                              Global Defined In Module
      -----  --------------------------------   ------------------------
C:   000020C5  _int0                              life
C:   000020D1  _int1                              life
C:   000020DD  _show                              life
C:   000021C6  _main                              life
C:   00002856  _putchar                           sio
C:   00002860  _getchar                           sio
C:   0000286D  _getchar_poll                      sio
C:   00002887  _printstr                          sio
C:   000028AA  _print8bin                         sio
C:   000028CA  _print16bin                        sio
C:   000028F6  _print32bin                        sio
C:   00002974  _print8x                           sio
C:   0000299F  _print16x                          sio
C:   00002A01  _print32x                          sio
C:   00002B2B  ___memcpy                          __memcpy
C:   00002BBE  _memset                            _memset
C:   00002C28  _toupper                           toupper
C:   00002C4F  __gptrget                          _gptrget
C:   00002C6B  __modsint                          _modsint
C:   00002CD9  __moduint                          _moduint
C:   00002D58  __sdcc_external_startup            _startup
C:   00002D5C  __gptrput                          _gptrput

ASxxxx Linker V03.00 + NoICE + sdld,  page 21.
Hexadecimal  [32-Bits]

Area                                    Addr        Size        Decimal Bytes (Attributes)
--------------------------------        ----        ----        ------- ----- ------------
CONST                               00002D77    0000005B =          91. bytes (REL,CON,CODE)

      Value  Global                              Global Defined In Module
      -----  --------------------------------   ------------------------
ASxxxx Linker V03.00 + NoICE + sdld,  page 22.

Files Linked                              [ module(s) ]

life.rel                                  [  ]


Libraries Linked                          [ object file ]

/usr/bin/../share/sdcc/lib/large-stack-auto/mcs51.lib
                                          [ crtclear.rel ]
/usr/bin/../share/sdcc/lib/large-stack-auto/mcs51.lib
                                          [ crtxinit.rel ]
../../pm21/libpm21.lib                    [ sio.rel ]
/usr/bin/../share/sdcc/lib/large-stack-auto/mcs51.lib
                                          [ crtxclear.rel ]
/usr/bin/../share/sdcc/lib/large-stack-auto/libsdcc.lib
                                          [ __memcpy.rel ]
/usr/bin/../share/sdcc/lib/large-stack-auto/libsdcc.lib
                                          [ _memset.rel ]
/usr/bin/../share/sdcc/lib/large-stack-auto/libsdcc.lib
                                          [ toupper.rel ]
/usr/bin/../share/sdcc/lib/large-stack-auto/libsdcc.lib
                                          [ _bp.rel ]
/usr/bin/../share/sdcc/lib/large-stack-auto/mcs51.lib
                                          [ crtpagesfr.rel ]
/usr/bin/../share/sdcc/lib/large-stack-auto/mcs51.lib
                                          [ crtstart.rel ]
/usr/bin/../share/sdcc/lib/large-stack-auto/libsdcc.lib
                                          [ _gptrget.rel ]
/usr/bin/../share/sdcc/lib/large-stack-auto/libint.lib
                                          [ _modsint.rel ]
/usr/bin/../share/sdcc/lib/large-stack-auto/libint.lib
                                          [ _moduint.rel ]
/usr/bin/../share/sdcc/lib/large-stack-auto/libsdcc.lib
                                          [ _startup.rel ]
/usr/bin/../share/sdcc/lib/large-stack-auto/libsdcc.lib
                                          [ _gptrput.rel ]

ASxxxx Linker V03.00 + NoICE + sdld,  page 23.

User Base Address Definitions

HOME = 0x2000
XSEG = 0x4000
PSEG = 0x4000
ISEG = 0x0000
BSEG = 0x0000

