ASxxxx Linker V03.00 + NoICE + sdld,  page 1.
Hexadecimal  [32-Bits]

Area                                    Addr        Size        Decimal Bytes (Attributes)
--------------------------------        ----        ----        ------- ----- ------------
CABS                                00000000    00000000 =           0. bytes (ABS,CON,CODE)

      Value  Global                              Global Defined In Module
      -----  --------------------------------   ------------------------
C:   00000000  l_BSEG                          
C:   00000000  l_BSEG_BYTES                    
C:   00000000  l_CABS                          
C:   00000000  l_GSINIT                        
C:   00000000  l_GSINIT1                       
C:   00000000  l_GSINIT5                       
C:   00000000  l_IABS                          
C:   00000000  l_ISEG                          
C:   00000000  l_OSEG                          
C:   00000000  l_PSEG                          
C:   00000000  l_REG_BANK_2                    
C:   00000000  l_REG_BANK_3                    
C:   00000000  l_RSEG                          
C:   00000000  l_RSEG0                         
C:   00000000  l_RSEG1                         
C:   00000000  l_XABS                          
C:   00000000  l_XINIT                         
C:   00000000  l_XISEG                         
C:   00000000  l__CODE                         
C:   00000000  s_BSEG                          
C:   00000000  s_CABS                          
C:   00000000  s_DSEG                          
C:   00000000  s_IABS                          
C:   00000000  s_ISEG                          
C:   00000000  s_REG_BANK_0                    
C:   00000000  s_RSEG                          
C:   00000000  s_RSEG0                         
C:   00000000  s_RSEG1                         
C:   00000000  s_XABS                          
C:   00000001  l_BIT_BANK                      
C:   00000002  l_XSEG                          
C:   00000003  l_GSFINAL                       
C:   00000003  l_GSINIT0                       
C:   00000008  l_REG_BANK_0                    
C:   00000008  l_REG_BANK_1                    
C:   00000008  s_REG_BANK_1                    
C:   0000000A  l_GSINIT2                       
C:   00000010  s_REG_BANK_2                    
C:   00000018  s_REG_BANK_3                    
C:   00000019  l_HOME                          
C:   00000020  s_BIT_BANK                      
C:   00000020  s_BSEG_BYTES                    
C:   00000020  s_OSEG                          
C:   00000020  s__CODE                         
C:   00000021  s_SSEG                          
C:   00000022  l_GSINIT3                       
C:   0000002A  l_GSINIT4                       
C:   0000002E  l_CONST                         
C:   00000071  l_DSEG                          
C:   000000DF  l_SSEG                          
ASxxxx Linker V03.00 + NoICE + sdld,  page 2.
Hexadecimal  [32-Bits]

Area                                    Addr        Size        Decimal Bytes (Attributes)
--------------------------------        ----        ----        ------- ----- ------------
CABS                                00000000    00000000 =           0. bytes (ABS,CON,CODE)

      Value  Global                              Global Defined In Module
      -----  --------------------------------   ------------------------
C:   00000100  l_IRAM                          
C:   000013CA  l_CSEG                          
C:   00002000  s_HOME                          
C:   00002019  s_GSINIT0                       
C:   0000201C  s_GSINIT1                       
C:   0000201C  s_GSINIT2                       
C:   00002026  s_GSINIT3                       
C:   00002048  s_GSINIT4                       
C:   00002072  s_GSFINAL                       
C:   00002072  s_GSINIT                        
C:   00002072  s_GSINIT5                       
C:   00002075  s_CSEG                          
C:   0000343F  s_CONST                         
C:   0000346D  s_XINIT                         
C:   00008000  s_PSEG                          
C:   00008000  s_XSEG                          
C:   00008002  s_XISEG                         

ASxxxx Linker V03.00 + NoICE + sdld,  page 3.
Hexadecimal  [32-Bits]

Area                                    Addr        Size        Decimal Bytes (Attributes)
--------------------------------        ----        ----        ------- ----- ------------
.  .ABS.                            00000000    00000000 =           0. bytes (ABS,CON)

      Value  Global                              Global Defined In Module
      -----  --------------------------------   ------------------------
     00000000  .__.ABS.                           _gptrget
     00000080  _P0                                irq
     00000080  _P0_0                              irq
     00000081  _P0_1                              irq
     00000081  _SP                                irq
     00000082  _DPL                               irq
     00000082  _P0_2                              irq
     00000083  _DPH                               irq
     00000083  _P0_3                              irq
     00000084  _P0_4                              irq
     00000085  _P0_5                              irq
     00000086  _P0_6                              irq
     00000087  _P0_7                              irq
     00000087  _PCON                              irq
     00000088  _IT0                               irq
     00000088  _TCON                              irq
     00000089  _IE0                               irq
     00000089  _TMOD                              irq
     0000008A  _IT1                               irq
     0000008A  _TL0                               irq
     0000008B  _IE1                               irq
     0000008B  _TL1                               irq
     0000008C  _TH0                               irq
     0000008C  _TR0                               irq
     0000008D  _TF0                               irq
     0000008D  _TH1                               irq
     0000008E  _TR1                               irq
     0000008F  _TF1                               irq
     00000090  _P1                                irq
     00000090  _P1_0                              irq
     00000090  _T2                                irq
     00000091  _P1_1                              irq
     00000091  _T2EX                              irq
     00000092  _P1_2                              irq
     00000093  _P1_3                              irq
     00000094  _P1_4                              irq
     00000095  _P1_5                              irq
     00000096  _P1_6                              irq
     00000097  _P1_7                              irq
     00000098  _RI                                irq
     00000098  _SCON                              irq
     00000099  _SBUF                              irq
     00000099  _TI                                irq
     0000009A  _RB8                               irq
     0000009B  _TB8                               irq
     0000009C  _REN                               irq
     0000009D  _SM2                               irq
     0000009E  _SM1                               irq
     0000009F  _SM0                               irq
     000000A0  _P2                                irq
ASxxxx Linker V03.00 + NoICE + sdld,  page 4.
Hexadecimal  [32-Bits]

Area                                    Addr        Size        Decimal Bytes (Attributes)
--------------------------------        ----        ----        ------- ----- ------------
.  .ABS.                            00000000    00000000 =           0. bytes (ABS,CON)

      Value  Global                              Global Defined In Module
      -----  --------------------------------   ------------------------
     000000A0  _P2_0                              irq
     000000A0  __XPAGE                            
     000000A1  _P2_1                              irq
     000000A2  _P2_2                              irq
     000000A3  _P2_3                              irq
     000000A4  _P2_4                              irq
     000000A5  _P2_5                              irq
     000000A6  _P2_6                              irq
     000000A7  _P2_7                              irq
     000000A8  _EX0                               irq
     000000A8  _IE                                irq
     000000A9  _ET0                               irq
     000000AA  _EX1                               irq
     000000AB  _ET1                               irq
     000000AC  _ES                                irq
     000000AD  _ET2                               irq
     000000AF  _EA                                irq
     000000B0  _P3                                irq
     000000B0  _P3_0                              irq
     000000B0  _RXD                               irq
     000000B1  _P3_1                              irq
     000000B1  _TXD                               irq
     000000B2  _INT0                              irq
     000000B2  _P3_2                              irq
     000000B3  _INT1                              irq
     000000B3  _P3_3                              irq
     000000B4  _P3_4                              irq
     000000B4  _T0                                irq
     000000B5  _P3_5                              irq
     000000B5  _T1                                irq
     000000B6  _P3_6                              irq
     000000B6  _WR                                irq
     000000B7  _P3_7                              irq
     000000B7  _RD                                irq
     000000B8  _IP                                irq
     000000B8  _PX0                               irq
     000000B9  _PT0                               irq
     000000BA  _PX1                               irq
     000000BB  _PT1                               irq
     000000BC  _PS                                irq
     000000BD  _PT2                               irq
     000000C8  _CP_RL2                            irq
     000000C8  _T2CON                             irq
     000000C8  _T2CON_0                           irq
     000000C9  _C_T2                              irq
     000000C9  _T2CON_1                           irq
     000000C9  _T2MOD                             irq
     000000CA  _RCAP2L                            irq
     000000CA  _T2CON_2                           irq
     000000CA  _TR2                               irq
     000000CB  _EXEN2                             irq
ASxxxx Linker V03.00 + NoICE + sdld,  page 5.
Hexadecimal  [32-Bits]

Area                                    Addr        Size        Decimal Bytes (Attributes)
--------------------------------        ----        ----        ------- ----- ------------
.  .ABS.                            00000000    00000000 =           0. bytes (ABS,CON)

      Value  Global                              Global Defined In Module
      -----  --------------------------------   ------------------------
     000000CB  _RCAP2H                            irq
     000000CB  _T2CON_3                           irq
     000000CC  _T2CON_4                           irq
     000000CC  _TCLK                              irq
     000000CC  _TL2                               irq
     000000CD  _RCLK                              irq
     000000CD  _T2CON_5                           irq
     000000CD  _TH2                               irq
     000000CE  _EXF2                              irq
     000000CE  _T2CON_6                           irq
     000000CF  _T2CON_7                           irq
     000000CF  _TF2                               irq
     000000D0  _P                                 irq
     000000D0  _PSW                               irq
     000000D1  _FL                                irq
     000000D2  _OV                                irq
     000000D3  _RS0                               irq
     000000D4  _RS1                               irq
     000000D5  _F0                                irq
     000000D6  _AC                                irq
     000000D7  _CY                                irq
     000000E0  _A                                 irq
     000000E0  _ACC                               irq
     000000F0  _B                                 irq
     000000F5  _B_5                               _gptrget
     000000F6  _B_6                               _gptrget
     000000F7  _B_7                               _gptrget

ASxxxx Linker V03.00 + NoICE + sdld,  page 6.
Hexadecimal  [32-Bits]

Area                                    Addr        Size        Decimal Bytes (Attributes)
--------------------------------        ----        ----        ------- ----- ------------
REG_BANK_0                          00000000    00000008 =           8. bytes (REL,OVR)

      Value  Global                              Global Defined In Module
      -----  --------------------------------   ------------------------
ASxxxx Linker V03.00 + NoICE + sdld,  page 7.
Hexadecimal  [32-Bits]

Area                                    Addr        Size        Decimal Bytes (Attributes)
--------------------------------        ----        ----        ------- ----- ------------
REG_BANK_1                          00000008    00000008 =           8. bytes (REL,OVR)

      Value  Global                              Global Defined In Module
      -----  --------------------------------   ------------------------
ASxxxx Linker V03.00 + NoICE + sdld,  page 8.
Hexadecimal  [32-Bits]

Area                                    Addr        Size        Decimal Bytes (Attributes)
--------------------------------        ----        ----        ------- ----- ------------
BIT_BANK                            00000020    00000001 =           1. bytes (REL,OVR)

      Value  Global                              Global Defined In Module
      -----  --------------------------------   ------------------------
ASxxxx Linker V03.00 + NoICE + sdld,  page 9.
Hexadecimal  [32-Bits]

Area                                    Addr        Size        Decimal Bytes (Attributes)
--------------------------------        ----        ----        ------- ----- ------------
DSEG                                00000000    00000071 =         113. bytes (REL,CON)

      Value  Global                              Global Defined In Module
      -----  --------------------------------   ------------------------
     00000010  _bp                                _bp

ASxxxx Linker V03.00 + NoICE + sdld,  page 10.
Hexadecimal  [32-Bits]

Area                                    Addr        Size        Decimal Bytes (Attributes)
--------------------------------        ----        ----        ------- ----- ------------
SSEG                                00000021    000000DF =         223. bytes (REL,OVR)

      Value  Global                              Global Defined In Module
      -----  --------------------------------   ------------------------
     00000021  __start__stack                     irq

ASxxxx Linker V03.00 + NoICE + sdld,  page 11.
Hexadecimal  [32-Bits]

Area                                    Addr        Size        Decimal Bytes (Attributes)
--------------------------------        ----        ----        ------- ----- ------------
XSEG                                00008000    00000002 =           2. bytes (REL,CON,XDATA)

      Value  Global                              Global Defined In Module
      -----  --------------------------------   ------------------------
D:   00008000  _intr                              irq

ASxxxx Linker V03.00 + NoICE + sdld,  page 12.
Hexadecimal  [32-Bits]

Area                                    Addr        Size        Decimal Bytes (Attributes)
--------------------------------        ----        ----        ------- ----- ------------
HOME                                00002000    00000019 =          25. bytes (REL,CON,CODE)

      Value  Global                              Global Defined In Module
      -----  --------------------------------   ------------------------
C:   00002016  __sdcc_program_startup             irq

ASxxxx Linker V03.00 + NoICE + sdld,  page 13.
Hexadecimal  [32-Bits]

Area                                    Addr        Size        Decimal Bytes (Attributes)
--------------------------------        ----        ----        ------- ----- ------------
GSINIT0                             00002019    00000003 =           3. bytes (REL,CON,CODE)

      Value  Global                              Global Defined In Module
      -----  --------------------------------   ------------------------
C:   00002019  __sdcc_gsinit_startup              

ASxxxx Linker V03.00 + NoICE + sdld,  page 14.
Hexadecimal  [32-Bits]

Area                                    Addr        Size        Decimal Bytes (Attributes)
--------------------------------        ----        ----        ------- ----- ------------
GSINIT2                             0000201C    0000000A =          10. bytes (REL,CON,CODE)

      Value  Global                              Global Defined In Module
      -----  --------------------------------   ------------------------
ASxxxx Linker V03.00 + NoICE + sdld,  page 15.
Hexadecimal  [32-Bits]

Area                                    Addr        Size        Decimal Bytes (Attributes)
--------------------------------        ----        ----        ------- ----- ------------
GSINIT3                             00002026    00000022 =          34. bytes (REL,CON,CODE)

      Value  Global                              Global Defined In Module
      -----  --------------------------------   ------------------------
C:   00002026  __mcs51_genXINIT                   

ASxxxx Linker V03.00 + NoICE + sdld,  page 16.
Hexadecimal  [32-Bits]

Area                                    Addr        Size        Decimal Bytes (Attributes)
--------------------------------        ----        ----        ------- ----- ------------
GSINIT4                             00002048    0000002A =          42. bytes (REL,CON,CODE)

      Value  Global                              Global Defined In Module
      -----  --------------------------------   ------------------------
C:   00002048  __mcs51_genRAMCLEAR                
C:   0000204E  __mcs51_genXRAMCLEAR               

ASxxxx Linker V03.00 + NoICE + sdld,  page 17.
Hexadecimal  [32-Bits]

Area                                    Addr        Size        Decimal Bytes (Attributes)
--------------------------------        ----        ----        ------- ----- ------------
GSFINAL                             00002072    00000003 =           3. bytes (REL,CON,CODE)

      Value  Global                              Global Defined In Module
      -----  --------------------------------   ------------------------
ASxxxx Linker V03.00 + NoICE + sdld,  page 18.
Hexadecimal  [32-Bits]

Area                                    Addr        Size        Decimal Bytes (Attributes)
--------------------------------        ----        ----        ------- ----- ------------
CSEG                                00002075    000013CA =        5066. bytes (REL,CON,CODE)

      Value  Global                              Global Defined In Module
      -----  --------------------------------   ------------------------
C:   00002075  _putchar                           irq
C:   0000207A  _getchar                           irq
C:   00002082  _int0                              irq
C:   00002096  _int1                              irq
C:   000020AC  _main                              irq
C:   00002124  _vprintf                           vprintf
C:   0000215B  _printf                            vprintf
C:   00002194  __sdcc_external_startup            _startup
C:   000022C5  __print_format                     printf_large
C:   0000336D  __mulint                           _mulint
C:   0000340B  _strlen                            _strlen
C:   00003423  __gptrget                          _gptrget
ASxxxx Linker V03.00 + NoICE + sdld,  page 19.
Hexadecimal  [32-Bits]

Area                                    Addr        Size        Decimal Bytes (Attributes)
--------------------------------        ----        ----        ------- ----- ------------
CONST                               0000343F    0000002E =          46. bytes (REL,CON,CODE)

      Value  Global                              Global Defined In Module
      -----  --------------------------------   ------------------------
ASxxxx Linker V03.00 + NoICE + sdld,  page 20.

Files Linked                              [ module(s) ]

irq.rel                                   [  ]


Libraries Linked                          [ object file ]

/usr/bin/../share/sdcc/lib/large-stack-auto/mcs51.lib
                                          [ crtclear.rel ]
/usr/bin/../share/sdcc/lib/large-stack-auto/mcs51.lib
                                          [ crtxinit.rel ]
/usr/bin/../share/sdcc/lib/large-stack-auto/mcs51.lib
                                          [ crtxclear.rel ]
/usr/bin/../share/sdcc/lib/large-stack-auto/libsdcc.lib
                                          [ vprintf.rel ]
/usr/bin/../share/sdcc/lib/large-stack-auto/mcs51.lib
                                          [ crtpagesfr.rel ]
/usr/bin/../share/sdcc/lib/large-stack-auto/mcs51.lib
                                          [ crtstart.rel ]
/usr/bin/../share/sdcc/lib/large-stack-auto/libsdcc.lib
                                          [ _startup.rel ]
/usr/bin/../share/sdcc/lib/large-stack-auto/libsdcc.lib
                                          [ printf_large.rel ]
/usr/bin/../share/sdcc/lib/large-stack-auto/libint.lib
                                          [ _mulint.rel ]
/usr/bin/../share/sdcc/lib/large-stack-auto/libsdcc.lib
                                          [ _bp.rel ]
/usr/bin/../share/sdcc/lib/large-stack-auto/libsdcc.lib
                                          [ _strlen.rel ]
/usr/bin/../share/sdcc/lib/large-stack-auto/libsdcc.lib
                                          [ _gptrget.rel ]

ASxxxx Linker V03.00 + NoICE + sdld,  page 21.

User Base Address Definitions

HOME = 0x2000
XSEG = 0x8000
PSEG = 0x8000
ISEG = 0x0000
BSEG = 0x0000

