ASxxxx Linker V03.00 + NoICE + sdld,  page 1.
Hexadecimal  [32-Bits]

Area                                    Addr        Size        Decimal Bytes (Attributes)
--------------------------------        ----        ----        ------- ----- ------------
CABS                                00000000    00000000 =           0. bytes (ABS,CON,CODE)

      Value  Global                              Global Defined In Module
      -----  --------------------------------   ------------------------
C:   00000000  l_BSEG                          
C:   00000000  l_BSEG_BYTES                    
C:   00000000  l_CABS                          
C:   00000000  l_GSINIT1                       
C:   00000000  l_GSINIT5                       
C:   00000000  l_IABS                          
C:   00000000  l_OSEG                          
C:   00000000  l_PSEG                          
C:   00000000  l_REG_BANK_2                    
C:   00000000  l_REG_BANK_3                    
C:   00000000  l_RSEG                          
C:   00000000  l_RSEG0                         
C:   00000000  l_RSEG1                         
C:   00000000  l_XABS                          
C:   00000000  l__CODE                         
C:   00000000  s_BSEG                          
C:   00000000  s_CABS                          
C:   00000000  s_DSEG                          
C:   00000000  s_IABS                          
C:   00000000  s_REG_BANK_0                    
C:   00000000  s_RSEG                          
C:   00000000  s_RSEG0                         
C:   00000000  s_RSEG1                         
C:   00000000  s_XABS                          
C:   00000001  l_BIT_BANK                      
C:   00000003  l_GSFINAL                       
C:   00000003  l_GSINIT0                       
C:   00000008  l_REG_BANK_0                    
C:   00000008  l_REG_BANK_1                    
C:   00000008  s_REG_BANK_1                    
C:   0000000A  l_GSINIT2                       
C:   00000010  s_REG_BANK_2                    
C:   00000011  l_HOME                          
C:   00000018  s_REG_BANK_3                    
C:   0000001B  l_ISEG                          
C:   00000020  s_BIT_BANK                      
C:   00000020  s_BSEG_BYTES                    
C:   00000020  s_OSEG                          
C:   00000020  s__CODE                         
C:   00000021  s_ISEG                          
C:   00000022  l_GSINIT3                       
C:   0000002A  l_GSINIT4                       
C:   0000003C  s_SSEG                          
C:   00000040  l_GSINIT                        
C:   00000071  l_DSEG                          
C:   0000007B  l_CONST                         
C:   000000C4  l_SSEG                          
C:   00000100  l_IRAM                          
C:   00000101  l_XSEG                          
C:   00000634  l_CSEG                          
ASxxxx Linker V03.00 + NoICE + sdld,  page 2.
Hexadecimal  [32-Bits]

Area                                    Addr        Size        Decimal Bytes (Attributes)
--------------------------------        ----        ----        ------- ----- ------------
CABS                                00000000    00000000 =           0. bytes (ABS,CON,CODE)

      Value  Global                              Global Defined In Module
      -----  --------------------------------   ------------------------
C:   00000803  l_XINIT                         
C:   00000803  l_XISEG                         
C:   00002000  s_HOME                          
C:   00002011  s_GSINIT0                       
C:   00002014  s_GSINIT1                       
C:   00002014  s_GSINIT2                       
C:   0000201E  s_GSINIT3                       
C:   00002040  s_GSINIT4                       
C:   0000206A  s_GSINIT                        
C:   0000206A  s_GSINIT5                       
C:   000020AA  s_GSFINAL                       
C:   000020AD  s_CSEG                          
C:   000026E1  s_CONST                         
C:   0000275C  s_XINIT                         
C:   00008000  s_PSEG                          
C:   00008000  s_XSEG                          
C:   00008101  s_XISEG                         

ASxxxx Linker V03.00 + NoICE + sdld,  page 3.
Hexadecimal  [32-Bits]

Area                                    Addr        Size        Decimal Bytes (Attributes)
--------------------------------        ----        ----        ------- ----- ------------
.  .ABS.                            00000000    00000000 =           0. bytes (ABS,CON)

      Value  Global                              Global Defined In Module
      -----  --------------------------------   ------------------------
     00000000  .__.ABS.                           _gptrput
     00000000  _gpo                               disp
     00000080  _P0                                disp
     00000080  _P0_0                              disp
     00000081  _P0_1                              disp
     00000081  _SP                                disp
     00000082  _DPL                               disp
     00000082  _P0_2                              disp
     00000083  _DPH                               disp
     00000083  _P0_3                              disp
     00000084  _P0_4                              disp
     00000085  _P0_5                              disp
     00000086  _P0_6                              disp
     00000087  _P0_7                              disp
     00000087  _PCON                              disp
     00000088  _IT0                               disp
     00000088  _TCON                              disp
     00000089  _IE0                               disp
     00000089  _TMOD                              disp
     0000008A  _IT1                               disp
     0000008A  _TL0                               disp
     0000008B  _IE1                               disp
     0000008B  _TL1                               disp
     0000008C  _TH0                               disp
     0000008C  _TR0                               disp
     0000008D  _TF0                               disp
     0000008D  _TH1                               disp
     0000008E  _TR1                               disp
     0000008F  _TF1                               disp
     00000090  _P1                                disp
     00000090  _P1_0                              disp
     00000090  _T2                                disp
     00000091  _P1_1                              disp
     00000091  _T2EX                              disp
     00000092  _P1_2                              disp
     00000093  _P1_3                              disp
     00000094  _P1_4                              disp
     00000095  _P1_5                              disp
     00000096  _P1_6                              disp
     00000097  _P1_7                              disp
     00000098  _RI                                disp
     00000098  _SCON                              disp
     00000099  _SBUF                              disp
     00000099  _TI                                disp
     0000009A  _RB8                               disp
     0000009B  _TB8                               disp
     0000009C  _REN                               disp
     0000009D  _SM2                               disp
     0000009E  _SM1                               disp
     0000009F  _SM0                               disp
ASxxxx Linker V03.00 + NoICE + sdld,  page 4.
Hexadecimal  [32-Bits]

Area                                    Addr        Size        Decimal Bytes (Attributes)
--------------------------------        ----        ----        ------- ----- ------------
.  .ABS.                            00000000    00000000 =           0. bytes (ABS,CON)

      Value  Global                              Global Defined In Module
      -----  --------------------------------   ------------------------
     000000A0  _P2                                disp
     000000A0  _P2_0                              disp
     000000A0  __XPAGE                            
     000000A1  _P2_1                              disp
     000000A2  _P2_2                              disp
     000000A3  _P2_3                              disp
     000000A4  _P2_4                              disp
     000000A5  _P2_5                              disp
     000000A6  _P2_6                              disp
     000000A7  _P2_7                              disp
     000000A8  _EX0                               disp
     000000A8  _IE                                disp
     000000A9  _ET0                               disp
     000000AA  _EX1                               disp
     000000AB  _ET1                               disp
     000000AC  _ES                                disp
     000000AD  _ET2                               disp
     000000AF  _EA                                disp
     000000B0  _P3                                disp
     000000B0  _P3_0                              disp
     000000B0  _RXD                               disp
     000000B1  _P3_1                              disp
     000000B1  _TXD                               disp
     000000B2  _INT0                              disp
     000000B2  _P3_2                              disp
     000000B3  _INT1                              disp
     000000B3  _P3_3                              disp
     000000B4  _P3_4                              disp
     000000B4  _T0                                disp
     000000B5  _P3_5                              disp
     000000B5  _T1                                disp
     000000B6  _P3_6                              disp
     000000B6  _WR                                disp
     000000B7  _P3_7                              disp
     000000B7  _RD                                disp
     000000B8  _IP                                disp
     000000B8  _PX0                               disp
     000000B9  _PT0                               disp
     000000BA  _PX1                               disp
     000000BB  _PT1                               disp
     000000BC  _PS                                disp
     000000BD  _PT2                               disp
     000000C8  _CP_RL2                            disp
     000000C8  _T2CON                             disp
     000000C8  _T2CON_0                           disp
     000000C9  _C_T2                              disp
     000000C9  _T2CON_1                           disp
     000000C9  _T2MOD                             disp
     000000CA  _RCAP2L                            disp
     000000CA  _T2CON_2                           disp
     000000CA  _TR2                               disp
ASxxxx Linker V03.00 + NoICE + sdld,  page 5.
Hexadecimal  [32-Bits]

Area                                    Addr        Size        Decimal Bytes (Attributes)
--------------------------------        ----        ----        ------- ----- ------------
.  .ABS.                            00000000    00000000 =           0. bytes (ABS,CON)

      Value  Global                              Global Defined In Module
      -----  --------------------------------   ------------------------
     000000CB  _EXEN2                             disp
     000000CB  _RCAP2H                            disp
     000000CB  _T2CON_3                           disp
     000000CC  _T2CON_4                           disp
     000000CC  _TCLK                              disp
     000000CC  _TL2                               disp
     000000CD  _RCLK                              disp
     000000CD  _T2CON_5                           disp
     000000CD  _TH2                               disp
     000000CE  _EXF2                              disp
     000000CE  _T2CON_6                           disp
     000000CF  _T2CON_7                           disp
     000000CF  _TF2                               disp
     000000D0  _P                                 disp
     000000D0  _PSW                               disp
     000000D1  _FL                                disp
     000000D2  _OV                                disp
     000000D3  _RS0                               disp
     000000D4  _RS1                               disp
     000000D5  _F0                                disp
     000000D6  _AC                                disp
     000000D7  _CY                                disp
     000000E0  _A                                 disp
     000000E0  _ACC                               disp
     000000F0  _B                                 disp
     000000F5  _B_5                               _gptrput
     000000F6  _B_6                               _gptrput
     000000F7  _B_7                               _gptrput
ASxxxx Linker V03.00 + NoICE + sdld,  page 6.
Hexadecimal  [32-Bits]

Area                                    Addr        Size        Decimal Bytes (Attributes)
--------------------------------        ----        ----        ------- ----- ------------
REG_BANK_0                          00000000    00000008 =           8. bytes (REL,OVR)

      Value  Global                              Global Defined In Module
      -----  --------------------------------   ------------------------
ASxxxx Linker V03.00 + NoICE + sdld,  page 7.
Hexadecimal  [32-Bits]

Area                                    Addr        Size        Decimal Bytes (Attributes)
--------------------------------        ----        ----        ------- ----- ------------
REG_BANK_1                          00000008    00000008 =           8. bytes (REL,OVR)

      Value  Global                              Global Defined In Module
      -----  --------------------------------   ------------------------
ASxxxx Linker V03.00 + NoICE + sdld,  page 8.
Hexadecimal  [32-Bits]

Area                                    Addr        Size        Decimal Bytes (Attributes)
--------------------------------        ----        ----        ------- ----- ------------
BIT_BANK                            00000020    00000001 =           1. bytes (REL,OVR)

      Value  Global                              Global Defined In Module
      -----  --------------------------------   ------------------------
ASxxxx Linker V03.00 + NoICE + sdld,  page 9.
Hexadecimal  [32-Bits]

Area                                    Addr        Size        Decimal Bytes (Attributes)
--------------------------------        ----        ----        ------- ----- ------------
DSEG                                00000000    00000071 =         113. bytes (REL,CON)

      Value  Global                              Global Defined In Module
      -----  --------------------------------   ------------------------
     00000010  _bp                                _bp

ASxxxx Linker V03.00 + NoICE + sdld,  page 10.
Hexadecimal  [32-Bits]

Area                                    Addr        Size        Decimal Bytes (Attributes)
--------------------------------        ----        ----        ------- ----- ------------
ISEG                                00000021    0000001B =          27. bytes (REL,CON)

      Value  Global                              Global Defined In Module
      -----  --------------------------------   ------------------------
     00000021  _dsdcol                            disp
     00000029  _sddcol                            disp
     00000031  _ddata                             disp
     00000039  _column                            disp
     0000003A  _OE                                disp
     0000003B  _inv                               disp
ASxxxx Linker V03.00 + NoICE + sdld,  page 11.
Hexadecimal  [32-Bits]

Area                                    Addr        Size        Decimal Bytes (Attributes)
--------------------------------        ----        ----        ------- ----- ------------
SSEG                                0000003C    000000C4 =         196. bytes (REL,OVR)

      Value  Global                              Global Defined In Module
      -----  --------------------------------   ------------------------
     0000003C  __start__stack                     disp

ASxxxx Linker V03.00 + NoICE + sdld,  page 12.
Hexadecimal  [32-Bits]

Area                                    Addr        Size        Decimal Bytes (Attributes)
--------------------------------        ----        ----        ------- ----- ------------
XSEG                                00008000    00000101 =         257. bytes (REL,CON,XDATA)

      Value  Global                              Global Defined In Module
      -----  --------------------------------   ------------------------
ASxxxx Linker V03.00 + NoICE + sdld,  page 13.
Hexadecimal  [32-Bits]

Area                                    Addr        Size        Decimal Bytes (Attributes)
--------------------------------        ----        ----        ------- ----- ------------
XISEG                               00008101    00000803 =        2051. bytes (REL,CON,XDATA)

      Value  Global                              Global Defined In Module
      -----  --------------------------------   ------------------------
ASxxxx Linker V03.00 + NoICE + sdld,  page 14.
Hexadecimal  [32-Bits]

Area                                    Addr        Size        Decimal Bytes (Attributes)
--------------------------------        ----        ----        ------- ----- ------------
HOME                                00002000    00000011 =          17. bytes (REL,CON,CODE)

      Value  Global                              Global Defined In Module
      -----  --------------------------------   ------------------------
C:   0000200E  __sdcc_program_startup             disp

ASxxxx Linker V03.00 + NoICE + sdld,  page 15.
Hexadecimal  [32-Bits]

Area                                    Addr        Size        Decimal Bytes (Attributes)
--------------------------------        ----        ----        ------- ----- ------------
GSINIT0                             00002011    00000003 =           3. bytes (REL,CON,CODE)

      Value  Global                              Global Defined In Module
      -----  --------------------------------   ------------------------
C:   00002011  __sdcc_gsinit_startup              

ASxxxx Linker V03.00 + NoICE + sdld,  page 16.
Hexadecimal  [32-Bits]

Area                                    Addr        Size        Decimal Bytes (Attributes)
--------------------------------        ----        ----        ------- ----- ------------
GSINIT2                             00002014    0000000A =          10. bytes (REL,CON,CODE)

      Value  Global                              Global Defined In Module
      -----  --------------------------------   ------------------------
ASxxxx Linker V03.00 + NoICE + sdld,  page 17.
Hexadecimal  [32-Bits]

Area                                    Addr        Size        Decimal Bytes (Attributes)
--------------------------------        ----        ----        ------- ----- ------------
GSINIT3                             0000201E    00000022 =          34. bytes (REL,CON,CODE)

      Value  Global                              Global Defined In Module
      -----  --------------------------------   ------------------------
C:   0000201E  __mcs51_genXINIT                   

ASxxxx Linker V03.00 + NoICE + sdld,  page 18.
Hexadecimal  [32-Bits]

Area                                    Addr        Size        Decimal Bytes (Attributes)
--------------------------------        ----        ----        ------- ----- ------------
GSINIT4                             00002040    0000002A =          42. bytes (REL,CON,CODE)

      Value  Global                              Global Defined In Module
      -----  --------------------------------   ------------------------
C:   00002040  __mcs51_genRAMCLEAR                
C:   00002046  __mcs51_genXRAMCLEAR               

ASxxxx Linker V03.00 + NoICE + sdld,  page 19.
Hexadecimal  [32-Bits]

Area                                    Addr        Size        Decimal Bytes (Attributes)
--------------------------------        ----        ----        ------- ----- ------------
GSINIT                              0000206A    00000040 =          64. bytes (REL,CON,CODE)

      Value  Global                              Global Defined In Module
      -----  --------------------------------   ------------------------
ASxxxx Linker V03.00 + NoICE + sdld,  page 20.
Hexadecimal  [32-Bits]

Area                                    Addr        Size        Decimal Bytes (Attributes)
--------------------------------        ----        ----        ------- ----- ------------
GSFINAL                             000020AA    00000003 =           3. bytes (REL,CON,CODE)

      Value  Global                              Global Defined In Module
      -----  --------------------------------   ------------------------
ASxxxx Linker V03.00 + NoICE + sdld,  page 21.
Hexadecimal  [32-Bits]

Area                                    Addr        Size        Decimal Bytes (Attributes)
--------------------------------        ----        ----        ------- ----- ------------
CSEG                                000020AD    00000634 =        1588. bytes (REL,CON,CODE)

      Value  Global                              Global Defined In Module
      -----  --------------------------------   ------------------------
C:   000020AD  _putchar                           disp
C:   000020B2  _getchar                           disp
C:   000020BB  _getchar_poll                      disp
C:   000020CF  _gpo_init                          disp
C:   000020F0  _gpo_clear                         disp
C:   00002109  _init_intr                         disp
C:   00002114  _init_timer0                       disp
C:   00002120  _init_timer1                       disp
C:   0000212C  _init_disp                         disp
C:   0000215D  _timer0_intr                       disp
C:   00002199  _scroll                            disp
C:   00002343  _main                              disp
C:   000025C8  _toupper                           toupper
C:   000025EF  _strncpy                           _strncpy
C:   000026A6  __gptrget                          _gptrget
C:   000026C2  __sdcc_external_startup            _startup
C:   000026C6  __gptrput                          _gptrput

ASxxxx Linker V03.00 + NoICE + sdld,  page 22.
Hexadecimal  [32-Bits]

Area                                    Addr        Size        Decimal Bytes (Attributes)
--------------------------------        ----        ----        ------- ----- ------------
CONST                               000026E1    0000007B =         123. bytes (REL,CON,CODE)

      Value  Global                              Global Defined In Module
      -----  --------------------------------   ------------------------
ASxxxx Linker V03.00 + NoICE + sdld,  page 23.
Hexadecimal  [32-Bits]

Area                                    Addr        Size        Decimal Bytes (Attributes)
--------------------------------        ----        ----        ------- ----- ------------
XINIT                               0000275C    00000803 =        2051. bytes (REL,CON,CODE)

      Value  Global                              Global Defined In Module
      -----  --------------------------------   ------------------------
ASxxxx Linker V03.00 + NoICE + sdld,  page 24.

Files Linked                              [ module(s) ]

disp.rel                                  [  ]


Libraries Linked                          [ object file ]

/usr/bin/../share/sdcc/lib/large-stack-auto/mcs51.lib
                                          [ crtclear.rel ]
/usr/bin/../share/sdcc/lib/large-stack-auto/mcs51.lib
                                          [ crtxinit.rel ]
/usr/bin/../share/sdcc/lib/large-stack-auto/mcs51.lib
                                          [ crtxclear.rel ]
/usr/bin/../share/sdcc/lib/large-stack-auto/libsdcc.lib
                                          [ toupper.rel ]
/usr/bin/../share/sdcc/lib/large-stack-auto/libsdcc.lib
                                          [ _bp.rel ]
/usr/bin/../share/sdcc/lib/large-stack-auto/libsdcc.lib
                                          [ _strncpy.rel ]
/usr/bin/../share/sdcc/lib/large-stack-auto/mcs51.lib
                                          [ crtpagesfr.rel ]
/usr/bin/../share/sdcc/lib/large-stack-auto/mcs51.lib
                                          [ crtstart.rel ]
/usr/bin/../share/sdcc/lib/large-stack-auto/libsdcc.lib
                                          [ _gptrget.rel ]
/usr/bin/../share/sdcc/lib/large-stack-auto/libsdcc.lib
                                          [ _startup.rel ]
/usr/bin/../share/sdcc/lib/large-stack-auto/libsdcc.lib
                                          [ _gptrput.rel ]

ASxxxx Linker V03.00 + NoICE + sdld,  page 25.

User Base Address Definitions

HOME = 0x2000
XSEG = 0x8000
PSEG = 0x8000
ISEG = 0x0000
BSEG = 0x0000

