ASxxxx Linker V03.00 + NoICE + sdld,  page 1.
Hexadecimal  [32-Bits]

Area                                    Addr        Size        Decimal Bytes (Attributes)
--------------------------------        ----        ----        ------- ----- ------------
CABS                                00000000    00000000 =           0. bytes (ABS,CON,CODE)

      Value  Global                              Global Defined In Module
      -----  --------------------------------   ------------------------
C:   00000000  l_BSEG                          
C:   00000000  l_BSEG_BYTES                    
C:   00000000  l_CABS                          
C:   00000000  l_GSINIT1                       
C:   00000000  l_GSINIT5                       
C:   00000000  l_IABS                          
C:   00000000  l_OSEG                          
C:   00000000  l_PSEG                          
C:   00000000  l_REG_BANK_2                    
C:   00000000  l_REG_BANK_3                    
C:   00000000  l_RSEG                          
C:   00000000  l_RSEG0                         
C:   00000000  l_RSEG1                         
C:   00000000  l_XABS                          
C:   00000000  l__CODE                         
C:   00000000  s_BSEG                          
C:   00000000  s_CABS                          
C:   00000000  s_DSEG                          
C:   00000000  s_IABS                          
C:   00000000  s_REG_BANK_0                    
C:   00000000  s_RSEG                          
C:   00000000  s_RSEG0                         
C:   00000000  s_RSEG1                         
C:   00000000  s_XABS                          
C:   00000001  l_BIT_BANK                      
C:   00000001  l_ISEG                          
C:   00000003  l_GSFINAL                       
C:   00000003  l_GSINIT0                       
C:   00000004  l_XINIT                         
C:   00000004  l_XISEG                         
C:   00000008  l_REG_BANK_0                    
C:   00000008  l_REG_BANK_1                    
C:   00000008  s_REG_BANK_1                    
C:   00000009  l_GSINIT                        
C:   00000009  l_HOME                          
C:   0000000A  l_GSINIT2                       
C:   00000010  s_REG_BANK_2                    
C:   00000011  s_ISEG                          
C:   00000018  s_REG_BANK_3                    
C:   00000020  s_BIT_BANK                      
C:   00000020  s_BSEG_BYTES                    
C:   00000020  s_OSEG                          
C:   00000020  s__CODE                         
C:   00000021  s_SSEG                          
C:   00000022  l_GSINIT3                       
C:   0000002A  l_GSINIT4                       
C:   00000051  l_CONST                         
C:   00000072  l_DSEG                          
C:   000000DF  l_SSEG                          
C:   00000100  l_IRAM                          
ASxxxx Linker V03.00 + NoICE + sdld,  page 2.
Hexadecimal  [32-Bits]

Area                                    Addr        Size        Decimal Bytes (Attributes)
--------------------------------        ----        ----        ------- ----- ------------
CABS                                00000000    00000000 =           0. bytes (ABS,CON,CODE)

      Value  Global                              Global Defined In Module
      -----  --------------------------------   ------------------------
C:   00001F60  l_CSEG                          
C:   00002000  s_HOME                          
C:   00002009  s_GSINIT0                       
C:   0000200C  s_GSINIT1                       
C:   0000200C  s_GSINIT2                       
C:   00002016  s_GSINIT3                       
C:   00002038  s_GSINIT4                       
C:   00002062  s_GSINIT                        
C:   00002062  s_GSINIT5                       
C:   0000206B  s_GSFINAL                       
C:   0000206E  s_CSEG                          
C:   00003FCE  s_CONST                         
C:   0000401F  s_XINIT                         
C:   00004100  s_PSEG                          
C:   00004100  s_XSEG                          
C:   0000B404  l_XSEG                          
C:   0000F504  s_XISEG                         

ASxxxx Linker V03.00 + NoICE + sdld,  page 3.
Hexadecimal  [32-Bits]

Area                                    Addr        Size        Decimal Bytes (Attributes)
--------------------------------        ----        ----        ------- ----- ------------
.  .ABS.                            00000000    00000000 =           0. bytes (ABS,CON)

      Value  Global                              Global Defined In Module
      -----  --------------------------------   ------------------------
     00000000  .__.ABS.                           _strlen
     00000080  _P0                                walk
     00000080  _P0_0                              walk
     00000081  _P0_1                              walk
     00000081  _SP                                walk
     00000082  _DPL                               walk
     00000082  _P0_2                              walk
     00000083  _DPH                               walk
     00000083  _P0_3                              walk
     00000084  _P0_4                              walk
     00000085  _P0_5                              walk
     00000086  _P0_6                              walk
     00000087  _P0_7                              walk
     00000087  _PCON                              walk
     00000088  _IT0                               walk
     00000088  _TCON                              walk
     00000089  _IE0                               walk
     00000089  _TMOD                              walk
     0000008A  _IT1                               walk
     0000008A  _TL0                               walk
     0000008B  _IE1                               walk
     0000008B  _TL1                               walk
     0000008C  _TH0                               walk
     0000008C  _TR0                               walk
     0000008D  _TF0                               walk
     0000008D  _TH1                               walk
     0000008E  _TR1                               walk
     0000008F  _TF1                               walk
     00000090  _P1                                walk
     00000090  _P1_0                              walk
     00000090  _T2                                walk
     00000091  _P1_1                              walk
     00000091  _T2EX                              walk
     00000092  _P1_2                              walk
     00000093  _P1_3                              walk
     00000094  _P1_4                              walk
     00000095  _P1_5                              walk
     00000096  _P1_6                              walk
     00000097  _P1_7                              walk
     00000098  _RI                                walk
     00000098  _SCON                              walk
     00000099  _SBUF                              walk
     00000099  _TI                                walk
     0000009A  _RB8                               walk
     0000009B  _TB8                               walk
     0000009C  _REN                               walk
     0000009D  _SM2                               walk
     0000009E  _SM1                               walk
     0000009F  _SM0                               walk
     000000A0  _P2                                walk
ASxxxx Linker V03.00 + NoICE + sdld,  page 4.
Hexadecimal  [32-Bits]

Area                                    Addr        Size        Decimal Bytes (Attributes)
--------------------------------        ----        ----        ------- ----- ------------
.  .ABS.                            00000000    00000000 =           0. bytes (ABS,CON)

      Value  Global                              Global Defined In Module
      -----  --------------------------------   ------------------------
     000000A0  _P2_0                              walk
     000000A0  __XPAGE                            
     000000A1  _P2_1                              walk
     000000A2  _P2_2                              walk
     000000A3  _P2_3                              walk
     000000A4  _P2_4                              walk
     000000A5  _P2_5                              walk
     000000A6  _P2_6                              walk
     000000A7  _P2_7                              walk
     000000A8  _EX0                               walk
     000000A8  _IE                                walk
     000000A9  _ET0                               walk
     000000AA  _EX1                               walk
     000000AB  _ET1                               walk
     000000AC  _ES                                walk
     000000AD  _ET2                               walk
     000000AF  _EA                                walk
     000000B0  _P3                                walk
     000000B0  _P3_0                              walk
     000000B0  _RXD                               walk
     000000B1  _P3_1                              walk
     000000B1  _TXD                               walk
     000000B2  _INT0                              walk
     000000B2  _P3_2                              walk
     000000B3  _INT1                              walk
     000000B3  _P3_3                              walk
     000000B4  _P3_4                              walk
     000000B4  _T0                                walk
     000000B5  _P3_5                              walk
     000000B5  _T1                                walk
     000000B6  _P3_6                              walk
     000000B6  _WR                                walk
     000000B7  _P3_7                              walk
     000000B7  _RD                                walk
     000000B8  _IP                                walk
     000000B8  _PX0                               walk
     000000B9  _PT0                               walk
     000000BA  _PX1                               walk
     000000BB  _PT1                               walk
     000000BC  _PS                                walk
     000000BD  _PT2                               walk
     000000C8  _CP_RL2                            walk
     000000C8  _T2CON                             walk
     000000C8  _T2CON_0                           walk
     000000C9  _C_T2                              walk
     000000C9  _T2CON_1                           walk
     000000C9  _T2MOD                             walk
     000000CA  _RCAP2L                            walk
     000000CA  _T2CON_2                           walk
     000000CA  _TR2                               walk
     000000CB  _EXEN2                             walk
ASxxxx Linker V03.00 + NoICE + sdld,  page 5.
Hexadecimal  [32-Bits]

Area                                    Addr        Size        Decimal Bytes (Attributes)
--------------------------------        ----        ----        ------- ----- ------------
.  .ABS.                            00000000    00000000 =           0. bytes (ABS,CON)

      Value  Global                              Global Defined In Module
      -----  --------------------------------   ------------------------
     000000CB  _RCAP2H                            walk
     000000CB  _T2CON_3                           walk
     000000CC  _T2CON_4                           walk
     000000CC  _TCLK                              walk
     000000CC  _TL2                               walk
     000000CD  _RCLK                              walk
     000000CD  _T2CON_5                           walk
     000000CD  _TH2                               walk
     000000CE  _EXF2                              walk
     000000CE  _T2CON_6                           walk
     000000CF  _T2CON_7                           walk
     000000CF  _TF2                               walk
     000000D0  _P                                 walk
     000000D0  _PSW                               walk
     000000D1  _FL                                walk
     000000D2  _OV                                walk
     000000D3  _RS0                               walk
     000000D4  _RS1                               walk
     000000D5  _F0                                walk
     000000D6  _AC                                walk
     000000D7  _CY                                walk
     000000E0  _A                                 walk
     000000E0  _ACC                               walk
     000000F0  _B                                 walk
     000000F5  _B_5                               _gptrget
     000000F6  _B_6                               _gptrget
     000000F7  _B_7                               _gptrget

ASxxxx Linker V03.00 + NoICE + sdld,  page 6.
Hexadecimal  [32-Bits]

Area                                    Addr        Size        Decimal Bytes (Attributes)
--------------------------------        ----        ----        ------- ----- ------------
REG_BANK_0                          00000000    00000008 =           8. bytes (REL,OVR)

      Value  Global                              Global Defined In Module
      -----  --------------------------------   ------------------------
ASxxxx Linker V03.00 + NoICE + sdld,  page 7.
Hexadecimal  [32-Bits]

Area                                    Addr        Size        Decimal Bytes (Attributes)
--------------------------------        ----        ----        ------- ----- ------------
REG_BANK_1                          00000008    00000008 =           8. bytes (REL,OVR)

      Value  Global                              Global Defined In Module
      -----  --------------------------------   ------------------------
ASxxxx Linker V03.00 + NoICE + sdld,  page 8.
Hexadecimal  [32-Bits]

Area                                    Addr        Size        Decimal Bytes (Attributes)
--------------------------------        ----        ----        ------- ----- ------------
BIT_BANK                            00000020    00000001 =           1. bytes (REL,OVR)

      Value  Global                              Global Defined In Module
      -----  --------------------------------   ------------------------
ASxxxx Linker V03.00 + NoICE + sdld,  page 9.
Hexadecimal  [32-Bits]

Area                                    Addr        Size        Decimal Bytes (Attributes)
--------------------------------        ----        ----        ------- ----- ------------
DSEG                                00000000    00000072 =         114. bytes (REL,CON)

      Value  Global                              Global Defined In Module
      -----  --------------------------------   ------------------------
     00000010  _bp                                _bp

ASxxxx Linker V03.00 + NoICE + sdld,  page 10.
Hexadecimal  [32-Bits]

Area                                    Addr        Size        Decimal Bytes (Attributes)
--------------------------------        ----        ----        ------- ----- ------------
ISEG                                00000011    00000001 =           1. bytes (REL,CON)

      Value  Global                              Global Defined In Module
      -----  --------------------------------   ------------------------
ASxxxx Linker V03.00 + NoICE + sdld,  page 11.
Hexadecimal  [32-Bits]

Area                                    Addr        Size        Decimal Bytes (Attributes)
--------------------------------        ----        ----        ------- ----- ------------
SSEG                                00000021    000000DF =         223. bytes (REL,OVR)

      Value  Global                              Global Defined In Module
      -----  --------------------------------   ------------------------
     00000021  __start__stack                     walk

ASxxxx Linker V03.00 + NoICE + sdld,  page 12.
Hexadecimal  [32-Bits]

Area                                    Addr        Size        Decimal Bytes (Attributes)
--------------------------------        ----        ----        ------- ----- ------------
XSEG                                00004100    0000B404 =       46084. bytes (REL,CON,XDATA)

      Value  Global                              Global Defined In Module
      -----  --------------------------------   ------------------------
ASxxxx Linker V03.00 + NoICE + sdld,  page 13.
Hexadecimal  [32-Bits]

Area                                    Addr        Size        Decimal Bytes (Attributes)
--------------------------------        ----        ----        ------- ----- ------------
XISEG                               0000F504    00000004 =           4. bytes (REL,CON,XDATA)

      Value  Global                              Global Defined In Module
      -----  --------------------------------   ------------------------
ASxxxx Linker V03.00 + NoICE + sdld,  page 14.
Hexadecimal  [32-Bits]

Area                                    Addr        Size        Decimal Bytes (Attributes)
--------------------------------        ----        ----        ------- ----- ------------
HOME                                00002000    00000009 =           9. bytes (REL,CON,CODE)

      Value  Global                              Global Defined In Module
      -----  --------------------------------   ------------------------
C:   00002006  __sdcc_program_startup             walk

ASxxxx Linker V03.00 + NoICE + sdld,  page 15.
Hexadecimal  [32-Bits]

Area                                    Addr        Size        Decimal Bytes (Attributes)
--------------------------------        ----        ----        ------- ----- ------------
GSINIT0                             00002009    00000003 =           3. bytes (REL,CON,CODE)

      Value  Global                              Global Defined In Module
      -----  --------------------------------   ------------------------
C:   00002009  __sdcc_gsinit_startup              

ASxxxx Linker V03.00 + NoICE + sdld,  page 16.
Hexadecimal  [32-Bits]

Area                                    Addr        Size        Decimal Bytes (Attributes)
--------------------------------        ----        ----        ------- ----- ------------
GSINIT2                             0000200C    0000000A =          10. bytes (REL,CON,CODE)

      Value  Global                              Global Defined In Module
      -----  --------------------------------   ------------------------
ASxxxx Linker V03.00 + NoICE + sdld,  page 17.
Hexadecimal  [32-Bits]

Area                                    Addr        Size        Decimal Bytes (Attributes)
--------------------------------        ----        ----        ------- ----- ------------
GSINIT3                             00002016    00000022 =          34. bytes (REL,CON,CODE)

      Value  Global                              Global Defined In Module
      -----  --------------------------------   ------------------------
C:   00002016  __mcs51_genXINIT                   

ASxxxx Linker V03.00 + NoICE + sdld,  page 18.
Hexadecimal  [32-Bits]

Area                                    Addr        Size        Decimal Bytes (Attributes)
--------------------------------        ----        ----        ------- ----- ------------
GSINIT4                             00002038    0000002A =          42. bytes (REL,CON,CODE)

      Value  Global                              Global Defined In Module
      -----  --------------------------------   ------------------------
C:   00002038  __mcs51_genRAMCLEAR                
C:   0000203E  __mcs51_genXRAMCLEAR               

ASxxxx Linker V03.00 + NoICE + sdld,  page 19.
Hexadecimal  [32-Bits]

Area                                    Addr        Size        Decimal Bytes (Attributes)
--------------------------------        ----        ----        ------- ----- ------------
GSINIT                              00002062    00000009 =           9. bytes (REL,CON,CODE)

      Value  Global                              Global Defined In Module
      -----  --------------------------------   ------------------------
ASxxxx Linker V03.00 + NoICE + sdld,  page 20.
Hexadecimal  [32-Bits]

Area                                    Addr        Size        Decimal Bytes (Attributes)
--------------------------------        ----        ----        ------- ----- ------------
GSFINAL                             0000206B    00000003 =           3. bytes (REL,CON,CODE)

      Value  Global                              Global Defined In Module
      -----  --------------------------------   ------------------------
ASxxxx Linker V03.00 + NoICE + sdld,  page 21.
Hexadecimal  [32-Bits]

Area                                    Addr        Size        Decimal Bytes (Attributes)
--------------------------------        ----        ----        ------- ----- ------------
CSEG                                0000206E    00001F60 =        8032. bytes (REL,CON,CODE)

      Value  Global                              Global Defined In Module
      -----  --------------------------------   ------------------------
C:   0000206E  _putchar                           walk
C:   00002073  _getchar                           walk
C:   0000207C  _int0                              walk
C:   00002760  _main                              walk
C:   000029EC  _rand                              rand
C:   00002AB0  _srand                             rand
C:   00002AC9  __gptrput                          _gptrput
C:   00002AE4  __mulint                           _mulint
C:   00002B82  ___memcpy                          __memcpy
C:   00002C15  _puts                              puts
C:   00002C64  _vprintf                           vprintf
C:   00002C9B  _printf                            vprintf
C:   00002CD4  __gptrget                          _gptrget
C:   00002CF0  __modsint                          _modsint
C:   00002D5E  __moduint                          _moduint
C:   00002DDD  __sdcc_external_startup            _startup
C:   00002F0E  __print_format                     printf_large
C:   00003FB6  _strlen                            _strlen
ASxxxx Linker V03.00 + NoICE + sdld,  page 22.
Hexadecimal  [32-Bits]

Area                                    Addr        Size        Decimal Bytes (Attributes)
--------------------------------        ----        ----        ------- ----- ------------
CONST                               00003FCE    00000051 =          81. bytes (REL,CON,CODE)

      Value  Global                              Global Defined In Module
      -----  --------------------------------   ------------------------
ASxxxx Linker V03.00 + NoICE + sdld,  page 23.
Hexadecimal  [32-Bits]

Area                                    Addr        Size        Decimal Bytes (Attributes)
--------------------------------        ----        ----        ------- ----- ------------
XINIT                               0000401F    00000004 =           4. bytes (REL,CON,CODE)

      Value  Global                              Global Defined In Module
      -----  --------------------------------   ------------------------
ASxxxx Linker V03.00 + NoICE + sdld,  page 24.

Files Linked                              [ module(s) ]

walk.rel                                  [  ]


Libraries Linked                          [ object file ]

/usr/bin/../share/sdcc/lib/large-stack-auto/libsdcc.lib
                                          [ rand.rel ]
/usr/bin/../share/sdcc/lib/large-stack-auto/mcs51.lib
                                          [ crtclear.rel ]
/usr/bin/../share/sdcc/lib/large-stack-auto/mcs51.lib
                                          [ crtxinit.rel ]
/usr/bin/../share/sdcc/lib/large-stack-auto/libsdcc.lib
                                          [ _gptrput.rel ]
/usr/bin/../share/sdcc/lib/large-stack-auto/libint.lib
                                          [ _mulint.rel ]
/usr/bin/../share/sdcc/lib/large-stack-auto/mcs51.lib
                                          [ crtxclear.rel ]
/usr/bin/../share/sdcc/lib/large-stack-auto/libsdcc.lib
                                          [ __memcpy.rel ]
/usr/bin/../share/sdcc/lib/large-stack-auto/libsdcc.lib
                                          [ puts.rel ]
/usr/bin/../share/sdcc/lib/large-stack-auto/libsdcc.lib
                                          [ _bp.rel ]
/usr/bin/../share/sdcc/lib/large-stack-auto/libsdcc.lib
                                          [ vprintf.rel ]
/usr/bin/../share/sdcc/lib/large-stack-auto/mcs51.lib
                                          [ crtpagesfr.rel ]
/usr/bin/../share/sdcc/lib/large-stack-auto/mcs51.lib
                                          [ crtstart.rel ]
/usr/bin/../share/sdcc/lib/large-stack-auto/libsdcc.lib
                                          [ _gptrget.rel ]
/usr/bin/../share/sdcc/lib/large-stack-auto/libint.lib
                                          [ _modsint.rel ]
/usr/bin/../share/sdcc/lib/large-stack-auto/libint.lib
                                          [ _moduint.rel ]
/usr/bin/../share/sdcc/lib/large-stack-auto/libsdcc.lib
                                          [ _startup.rel ]
/usr/bin/../share/sdcc/lib/large-stack-auto/libsdcc.lib
                                          [ printf_large.rel ]
/usr/bin/../share/sdcc/lib/large-stack-auto/libsdcc.lib
                                          [ _strlen.rel ]

ASxxxx Linker V03.00 + NoICE + sdld,  page 25.

User Base Address Definitions

HOME = 0x2000
XSEG = 0x4100
PSEG = 0x4100
ISEG = 0x0000
BSEG = 0x0000

