ASxxxx Linker V03.00 + NoICE + sdld,  page 1.
Hexadecimal  [32-Bits]

Area                                    Addr        Size        Decimal Bytes (Attributes)
--------------------------------        ----        ----        ------- ----- ------------
CABS                                00000000    00000000 =           0. bytes (ABS,CON,CODE)

      Value  Global                              Global Defined In Module
      -----  --------------------------------   ------------------------
C:   00000000  l_BSEG                          
C:   00000000  l_BSEG_BYTES                    
C:   00000000  l_CABS                          
C:   00000000  l_GSINIT                        
C:   00000000  l_GSINIT1                       
C:   00000000  l_GSINIT5                       
C:   00000000  l_IABS                          
C:   00000000  l_OSEG                          
C:   00000000  l_PSEG                          
C:   00000000  l_REG_BANK_1                    
C:   00000000  l_REG_BANK_2                    
C:   00000000  l_REG_BANK_3                    
C:   00000000  l_RSEG                          
C:   00000000  l_RSEG0                         
C:   00000000  l_RSEG1                         
C:   00000000  l_XABS                          
C:   00000000  l__CODE                         
C:   00000000  s_BSEG                          
C:   00000000  s_CABS                          
C:   00000000  s_DSEG                          
C:   00000000  s_IABS                          
C:   00000000  s_REG_BANK_0                    
C:   00000000  s_RSEG                          
C:   00000000  s_RSEG0                         
C:   00000000  s_RSEG1                         
C:   00000000  s_XABS                          
C:   00000001  l_BIT_BANK                      
C:   00000001  l_ISEG                          
C:   00000003  l_GSFINAL                       
C:   00000003  l_GSINIT0                       
C:   00000008  l_REG_BANK_0                    
C:   00000008  s_REG_BANK_1                    
C:   00000009  s_ISEG                          
C:   0000000A  l_GSINIT2                       
C:   00000010  s_REG_BANK_2                    
C:   00000018  s_REG_BANK_3                    
C:   00000020  s_BIT_BANK                      
C:   00000020  s_BSEG_BYTES                    
C:   00000020  s_OSEG                          
C:   00000020  s__CODE                         
C:   00000021  s_SSEG                          
C:   00000022  l_GSINIT3                       
C:   0000002A  l_GSINIT4                       
C:   00000034  l_HOME                          
C:   0000006A  l_DSEG                          
C:   000000AA  l_XINIT                         
C:   000000AA  l_XISEG                         
C:   000000DF  l_SSEG                          
C:   00000100  l_IRAM                          
C:   000003C2  l_CONST                         
ASxxxx Linker V03.00 + NoICE + sdld,  page 2.
Hexadecimal  [32-Bits]

Area                                    Addr        Size        Decimal Bytes (Attributes)
--------------------------------        ----        ----        ------- ----- ------------
CABS                                00000000    00000000 =           0. bytes (ABS,CON,CODE)

      Value  Global                              Global Defined In Module
      -----  --------------------------------   ------------------------
C:   00002000  s_HOME                          
C:   00002034  s_GSINIT0                       
C:   00002037  s_GSINIT1                       
C:   00002037  s_GSINIT2                       
C:   00002041  s_GSINIT3                       
C:   00002063  s_GSINIT4                       
C:   0000208D  s_GSFINAL                       
C:   0000208D  s_GSINIT                        
C:   0000208D  s_GSINIT5                       
C:   00002090  s_CSEG                          
C:   00004025  l_XSEG                          
C:   00005D5D  l_CSEG                          
C:   00007DED  s_CONST                         
C:   000081AF  s_XINIT                         
C:   0000A000  s_PSEG                          
C:   0000A000  s_XSEG                          
C:   0000E025  s_XISEG                         

ASxxxx Linker V03.00 + NoICE + sdld,  page 3.
Hexadecimal  [32-Bits]

Area                                    Addr        Size        Decimal Bytes (Attributes)
--------------------------------        ----        ----        ------- ----- ------------
.  .ABS.                            00000000    00000000 =           0. bytes (ABS,CON)

      Value  Global                              Global Defined In Module
      -----  --------------------------------   ------------------------
     00000000  .__.ABS.                           _strlen
     00000080  _P0                                sio
     00000080  _P0_0                              sio
     00000081  _P0_1                              sio
     00000081  _SP                                sio
     00000082  _DPL                               sio
     00000082  _P0_2                              sio
     00000083  _DPH                               sio
     00000083  _P0_3                              sio
     00000084  _P0_4                              sio
     00000085  _P0_5                              sio
     00000086  _P0_6                              sio
     00000087  _P0_7                              sio
     00000087  _PCON                              sio
     00000088  _IT0                               sio
     00000088  _TCON                              sio
     00000089  _IE0                               sio
     00000089  _TMOD                              sio
     0000008A  _IT1                               sio
     0000008A  _TL0                               sio
     0000008B  _IE1                               sio
     0000008B  _TL1                               sio
     0000008C  _TH0                               sio
     0000008C  _TR0                               sio
     0000008D  _TF0                               sio
     0000008D  _TH1                               sio
     0000008E  _TR1                               sio
     0000008F  _TF1                               sio
     00000090  _P1                                sio
     00000090  _P1_0                              sio
     00000090  _T2                                sio
     00000091  _P1_1                              sio
     00000091  _T2EX                              sio
     00000092  _P1_2                              sio
     00000093  _P1_3                              sio
     00000094  _P1_4                              sio
     00000095  _P1_5                              sio
     00000096  _P1_6                              sio
     00000097  _P1_7                              sio
     00000098  _RI                                sio
     00000098  _SCON                              sio
     00000099  _SBUF                              sio
     00000099  _TI                                sio
     0000009A  _RB8                               sio
     0000009B  _TB8                               sio
     0000009C  _REN                               sio
     0000009D  _SM2                               sio
     0000009E  _SM1                               sio
     0000009F  _SM0                               sio
     000000A0  _P2                                sio
ASxxxx Linker V03.00 + NoICE + sdld,  page 4.
Hexadecimal  [32-Bits]

Area                                    Addr        Size        Decimal Bytes (Attributes)
--------------------------------        ----        ----        ------- ----- ------------
.  .ABS.                            00000000    00000000 =           0. bytes (ABS,CON)

      Value  Global                              Global Defined In Module
      -----  --------------------------------   ------------------------
     000000A0  _P2_0                              sio
     000000A0  __XPAGE                            
     000000A1  _P2_1                              sio
     000000A2  _P2_2                              sio
     000000A3  _P2_3                              sio
     000000A4  _P2_4                              sio
     000000A5  _P2_5                              sio
     000000A6  _P2_6                              sio
     000000A7  _P2_7                              sio
     000000A8  _EX0                               sio
     000000A8  _IE                                sio
     000000A9  _ET0                               sio
     000000AA  _EX1                               sio
     000000AB  _ET1                               sio
     000000AC  _ES                                sio
     000000AD  _ET2                               sio
     000000AF  _EA                                sio
     000000B0  _P3                                sio
     000000B0  _P3_0                              sio
     000000B0  _RXD                               sio
     000000B1  _P3_1                              sio
     000000B1  _TXD                               sio
     000000B2  _INT0                              sio
     000000B2  _P3_2                              sio
     000000B3  _INT1                              sio
     000000B3  _P3_3                              sio
     000000B4  _P3_4                              sio
     000000B4  _T0                                sio
     000000B5  _P3_5                              sio
     000000B5  _T1                                sio
     000000B6  _P3_6                              sio
     000000B6  _WR                                sio
     000000B7  _P3_7                              sio
     000000B7  _RD                                sio
     000000B8  _IP                                sio
     000000B8  _PX0                               sio
     000000B9  _PT0                               sio
     000000BA  _PX1                               sio
     000000BB  _PT1                               sio
     000000BC  _PS                                sio
     000000BD  _PT2                               sio
     000000C8  _CP_RL2                            sio
     000000C8  _T2CON                             sio
     000000C8  _T2CON_0                           sio
     000000C9  _C_T2                              sio
     000000C9  _T2CON_1                           sio
     000000C9  _T2MOD                             sio
     000000CA  _RCAP2L                            sio
     000000CA  _T2CON_2                           sio
     000000CA  _TR2                               sio
     000000CB  _EXEN2                             sio
ASxxxx Linker V03.00 + NoICE + sdld,  page 5.
Hexadecimal  [32-Bits]

Area                                    Addr        Size        Decimal Bytes (Attributes)
--------------------------------        ----        ----        ------- ----- ------------
.  .ABS.                            00000000    00000000 =           0. bytes (ABS,CON)

      Value  Global                              Global Defined In Module
      -----  --------------------------------   ------------------------
     000000CB  _RCAP2H                            sio
     000000CB  _T2CON_3                           sio
     000000CC  _T2CON_4                           sio
     000000CC  _TCLK                              sio
     000000CC  _TL2                               sio
     000000CD  _RCLK                              sio
     000000CD  _T2CON_5                           sio
     000000CD  _TH2                               sio
     000000CE  _EXF2                              sio
     000000CE  _T2CON_6                           sio
     000000CF  _T2CON_7                           sio
     000000CF  _TF2                               sio
     000000D0  _P                                 sio
     000000D0  _PSW                               sio
     000000D1  _FL                                sio
     000000D2  _OV                                sio
     000000D3  _RS0                               sio
     000000D4  _RS1                               sio
     000000D5  _F0                                sio
     000000D6  _AC                                sio
     000000D7  _CY                                sio
     000000E0  _A                                 sio
     000000E0  _ACC                               sio
     000000F0  _B                                 sio
     000000F5  _B_5                               _gptrget
     000000F6  _B_6                               _gptrget
     000000F7  _B_7                               _gptrget

ASxxxx Linker V03.00 + NoICE + sdld,  page 6.
Hexadecimal  [32-Bits]

Area                                    Addr        Size        Decimal Bytes (Attributes)
--------------------------------        ----        ----        ------- ----- ------------
REG_BANK_0                          00000000    00000008 =           8. bytes (REL,OVR)

      Value  Global                              Global Defined In Module
      -----  --------------------------------   ------------------------
ASxxxx Linker V03.00 + NoICE + sdld,  page 7.
Hexadecimal  [32-Bits]

Area                                    Addr        Size        Decimal Bytes (Attributes)
--------------------------------        ----        ----        ------- ----- ------------
BIT_BANK                            00000020    00000001 =           1. bytes (REL,OVR)

      Value  Global                              Global Defined In Module
      -----  --------------------------------   ------------------------
ASxxxx Linker V03.00 + NoICE + sdld,  page 8.
Hexadecimal  [32-Bits]

Area                                    Addr        Size        Decimal Bytes (Attributes)
--------------------------------        ----        ----        ------- ----- ------------
DSEG                                00000000    0000006A =         106. bytes (REL,CON)

      Value  Global                              Global Defined In Module
      -----  --------------------------------   ------------------------
     00000008  _bp                                _bp

ASxxxx Linker V03.00 + NoICE + sdld,  page 9.
Hexadecimal  [32-Bits]

Area                                    Addr        Size        Decimal Bytes (Attributes)
--------------------------------        ----        ----        ------- ----- ------------
ISEG                                00000009    00000001 =           1. bytes (REL,CON)

      Value  Global                              Global Defined In Module
      -----  --------------------------------   ------------------------
     00000009  _giant                             calc

ASxxxx Linker V03.00 + NoICE + sdld,  page 10.
Hexadecimal  [32-Bits]

Area                                    Addr        Size        Decimal Bytes (Attributes)
--------------------------------        ----        ----        ------- ----- ------------
SSEG                                00000021    000000DF =         223. bytes (REL,OVR)

      Value  Global                              Global Defined In Module
      -----  --------------------------------   ------------------------
     00000021  __start__stack                     calc

ASxxxx Linker V03.00 + NoICE + sdld,  page 11.
Hexadecimal  [32-Bits]

Area                                    Addr        Size        Decimal Bytes (Attributes)
--------------------------------        ----        ----        ------- ----- ------------
XSEG                                0000A000    00004025 =       16421. bytes (REL,CON,XDATA)

      Value  Global                              Global Defined In Module
      -----  --------------------------------   ------------------------
D:   0000E023  _errno                             errno

ASxxxx Linker V03.00 + NoICE + sdld,  page 12.
Hexadecimal  [32-Bits]

Area                                    Addr        Size        Decimal Bytes (Attributes)
--------------------------------        ----        ----        ------- ----- ------------
XISEG                               0000E025    000000AA =         170. bytes (REL,CON,XDATA)

      Value  Global                              Global Defined In Module
      -----  --------------------------------   ------------------------
ASxxxx Linker V03.00 + NoICE + sdld,  page 13.
Hexadecimal  [32-Bits]

Area                                    Addr        Size        Decimal Bytes (Attributes)
--------------------------------        ----        ----        ------- ----- ------------
HOME                                00002000    00000034 =          52. bytes (REL,CON,CODE)

      Value  Global                              Global Defined In Module
      -----  --------------------------------   ------------------------
C:   00002003  __sdcc_program_startup             calc
C:   00002006  ___gptr_cmp                        

ASxxxx Linker V03.00 + NoICE + sdld,  page 14.
Hexadecimal  [32-Bits]

Area                                    Addr        Size        Decimal Bytes (Attributes)
--------------------------------        ----        ----        ------- ----- ------------
GSINIT0                             00002034    00000003 =           3. bytes (REL,CON,CODE)

      Value  Global                              Global Defined In Module
      -----  --------------------------------   ------------------------
C:   00002034  __sdcc_gsinit_startup              

ASxxxx Linker V03.00 + NoICE + sdld,  page 15.
Hexadecimal  [32-Bits]

Area                                    Addr        Size        Decimal Bytes (Attributes)
--------------------------------        ----        ----        ------- ----- ------------
GSINIT2                             00002037    0000000A =          10. bytes (REL,CON,CODE)

      Value  Global                              Global Defined In Module
      -----  --------------------------------   ------------------------
ASxxxx Linker V03.00 + NoICE + sdld,  page 16.
Hexadecimal  [32-Bits]

Area                                    Addr        Size        Decimal Bytes (Attributes)
--------------------------------        ----        ----        ------- ----- ------------
GSINIT3                             00002041    00000022 =          34. bytes (REL,CON,CODE)

      Value  Global                              Global Defined In Module
      -----  --------------------------------   ------------------------
C:   00002041  __mcs51_genXINIT                   

ASxxxx Linker V03.00 + NoICE + sdld,  page 17.
Hexadecimal  [32-Bits]

Area                                    Addr        Size        Decimal Bytes (Attributes)
--------------------------------        ----        ----        ------- ----- ------------
GSINIT4                             00002063    0000002A =          42. bytes (REL,CON,CODE)

      Value  Global                              Global Defined In Module
      -----  --------------------------------   ------------------------
C:   00002063  __mcs51_genRAMCLEAR                
C:   00002069  __mcs51_genXRAMCLEAR               

ASxxxx Linker V03.00 + NoICE + sdld,  page 18.
Hexadecimal  [32-Bits]

Area                                    Addr        Size        Decimal Bytes (Attributes)
--------------------------------        ----        ----        ------- ----- ------------
GSFINAL                             0000208D    00000003 =           3. bytes (REL,CON,CODE)

      Value  Global                              Global Defined In Module
      -----  --------------------------------   ------------------------
ASxxxx Linker V03.00 + NoICE + sdld,  page 19.
Hexadecimal  [32-Bits]

Area                                    Addr        Size        Decimal Bytes (Attributes)
--------------------------------        ----        ----        ------- ----- ------------
CSEG                                00002090    00005D5D =       23901. bytes (REL,CON,CODE)

      Value  Global                              Global Defined In Module
      -----  --------------------------------   ------------------------
C:   00002090  _state_init                        sm
C:   0000212F  _state_reset                       sm
C:   00002146  _state_exec                        sm
C:   00002680  _stack_init                        stack
C:   000026B5  _stack_push                        stack
C:   00002783  _stack_pop                         stack
C:   0000285E  _stack_peek                        stack
C:   000028FF  _stack_peek2                       stack
C:   00002A91  _stack_iter_peek                   stack
C:   0000575B  _main                              calc
C:   00005B2D  _isxdigit                          isxdigit
C:   00005B9D  _strtol                            strtol
C:   00005DDB  __gptrput                          _gptrput
C:   00005DF6  _putchar                           sio
C:   00005E00  _getchar                           sio
C:   00005E0D  _getchar_poll                      sio
C:   00005E27  _printstr                          sio
C:   00005E4A  _print8bin                         sio
C:   00005E6A  _print16bin                        sio
C:   00005E96  _print32bin                        sio
C:   00005F14  _print8x                           sio
C:   00005F51  _print16x                          sio
C:   00005FD7  _print32x                          sio
C:   0000610C  __mulint                           _mulint
C:   000061AA  __modslong                         _modslong
C:   000062A1  __modulong                         _modulong
C:   00006363  __divslong                         _divslong
C:   00006460  __divulong                         _divulong
C:   000064FC  _vprintf                           vprintf
C:   00006533  _printf                            vprintf
C:   0000656C  __gptrget                          _gptrget
C:   000065DC  _strtoul                           strtoul
C:   00006965  __mullong                          _mullong
C:   00006B3A  __sdcc_external_startup            _startup
C:   00006C6B  __print_format                     printf_large
C:   00007D13  _strncmp                           _strncmp
C:   00007DD5  _strlen                            _strlen

ASxxxx Linker V03.00 + NoICE + sdld,  page 20.
Hexadecimal  [32-Bits]

Area                                    Addr        Size        Decimal Bytes (Attributes)
--------------------------------        ----        ----        ------- ----- ------------
CONST                               00007DED    000003C2 =         962. bytes (REL,CON,CODE)

      Value  Global                              Global Defined In Module
      -----  --------------------------------   ------------------------
ASxxxx Linker V03.00 + NoICE + sdld,  page 21.
Hexadecimal  [32-Bits]

Area                                    Addr        Size        Decimal Bytes (Attributes)
--------------------------------        ----        ----        ------- ----- ------------
XINIT                               000081AF    000000AA =         170. bytes (REL,CON,CODE)

      Value  Global                              Global Defined In Module
      -----  --------------------------------   ------------------------
ASxxxx Linker V03.00 + NoICE + sdld,  page 22.

Files Linked                              [ module(s) ]

sm.rel                                    [  ]
stack.rel                                 [  ]
calc.rel                                  [  ]


Libraries Linked                          [ object file ]

/usr/bin/../share/sdcc/lib/large-stack-auto/libsdcc.lib
                                          [ isxdigit.rel ]
/usr/bin/../share/sdcc/lib/large-stack-auto/libsdcc.lib
                                          [ strtol.rel ]
/usr/bin/../share/sdcc/lib/large-stack-auto/mcs51.lib
                                          [ crtclear.rel ]
/usr/bin/../share/sdcc/lib/large-stack-auto/mcs51.lib
                                          [ crtxinit.rel ]
/usr/bin/../share/sdcc/lib/large-stack-auto/libsdcc.lib
                                          [ _gptrput.rel ]
../../pm21/libpm21.lib                    [ sio.rel ]
/usr/bin/../share/sdcc/lib/large-stack-auto/libint.lib
                                          [ _mulint.rel ]
/usr/bin/../share/sdcc/lib/large-stack-auto/mcs51.lib
                                          [ crtxclear.rel ]
/usr/bin/../share/sdcc/lib/large-stack-auto/liblong.lib
                                          [ _modslong.rel ]
/usr/bin/../share/sdcc/lib/large-stack-auto/liblong.lib
                                          [ _modulong.rel ]
/usr/bin/../share/sdcc/lib/large-stack-auto/liblong.lib
                                          [ _divslong.rel ]
/usr/bin/../share/sdcc/lib/large-stack-auto/liblong.lib
                                          [ _divulong.rel ]
/usr/bin/../share/sdcc/lib/large-stack-auto/libsdcc.lib
                                          [ _bp.rel ]
/usr/bin/../share/sdcc/lib/large-stack-auto/libsdcc.lib
                                          [ vprintf.rel ]
/usr/bin/../share/sdcc/lib/large-stack-auto/mcs51.lib
                                          [ crtpagesfr.rel ]
/usr/bin/../share/sdcc/lib/large-stack-auto/mcs51.lib
                                          [ gptr_cmp.rel ]
/usr/bin/../share/sdcc/lib/large-stack-auto/mcs51.lib
                                          [ crtstart.rel ]
/usr/bin/../share/sdcc/lib/large-stack-auto/libsdcc.lib
                                          [ _gptrget.rel ]
/usr/bin/../share/sdcc/lib/large-stack-auto/libsdcc.lib
                                          [ strtoul.rel ]
/usr/bin/../share/sdcc/lib/large-stack-auto/liblong.lib
                                          [ _mullong.rel ]
/usr/bin/../share/sdcc/lib/large-stack-auto/libfloat.lib
                                          [ errno.rel ]
/usr/bin/../share/sdcc/lib/large-stack-auto/libsdcc.lib
                                          [ _startup.rel ]
/usr/bin/../share/sdcc/lib/large-stack-auto/libsdcc.lib
                                          [ printf_large.rel ]
/usr/bin/../share/sdcc/lib/large-stack-auto/libsdcc.lib
                                          [ _strncmp.rel ]
/usr/bin/../share/sdcc/lib/large-stack-auto/libsdcc.lib
                                          [ _strlen.rel ]

ASxxxx Linker V03.00 + NoICE + sdld,  page 23.

User Base Address Definitions

HOME = 0x2000
XSEG = 0xa000
PSEG = 0xa000
ISEG = 0x0000
BSEG = 0x0000

