------------------------------------------------------------
Timing Analyzer Summary
------------------------------------------------------------

Type  : Slow 1200mV 125C Model Setup 'CLK'
Slack : -2.142
TNS   : -30.685

Type  : Slow 1200mV 125C Model Setup 'clkdiv[16]'
Slack : -1.990
TNS   : -23.070

Type  : Slow 1200mV 125C Model Setup 'clkdiv[22]'
Slack : -1.939
TNS   : -40.416

Type  : Slow 1200mV 125C Model Hold 'CLK'
Slack : 0.429
TNS   : 0.000

Type  : Slow 1200mV 125C Model Hold 'clkdiv[16]'
Slack : 0.429
TNS   : 0.000

Type  : Slow 1200mV 125C Model Hold 'clkdiv[22]'
Slack : 0.430
TNS   : 0.000

Type  : Slow 1200mV 125C Model Minimum Pulse Width 'CLK'
Slack : -3.000
TNS   : -37.201

Type  : Slow 1200mV 125C Model Minimum Pulse Width 'clkdiv[22]'
Slack : -1.487
TNS   : -46.097

Type  : Slow 1200mV 125C Model Minimum Pulse Width 'clkdiv[16]'
Slack : -1.487
TNS   : -29.740

Type  : Slow 1200mV -40C Model Setup 'clkdiv[16]'
Slack : -1.609
TNS   : -17.083

Type  : Slow 1200mV -40C Model Setup 'CLK'
Slack : -1.558
TNS   : -21.289

Type  : Slow 1200mV -40C Model Setup 'clkdiv[22]'
Slack : -1.432
TNS   : -28.650

Type  : Slow 1200mV -40C Model Hold 'clkdiv[16]'
Slack : 0.344
TNS   : 0.000

Type  : Slow 1200mV -40C Model Hold 'CLK'
Slack : 0.357
TNS   : 0.000

Type  : Slow 1200mV -40C Model Hold 'clkdiv[22]'
Slack : 0.358
TNS   : 0.000

Type  : Slow 1200mV -40C Model Minimum Pulse Width 'CLK'
Slack : -3.000
TNS   : -32.555

Type  : Slow 1200mV -40C Model Minimum Pulse Width 'clkdiv[22]'
Slack : -1.285
TNS   : -39.835

Type  : Slow 1200mV -40C Model Minimum Pulse Width 'clkdiv[16]'
Slack : -1.285
TNS   : -25.700

Type  : Fast 1200mV -40C Model Setup 'CLK'
Slack : -0.770
TNS   : -5.167

Type  : Fast 1200mV -40C Model Setup 'clkdiv[16]'
Slack : -0.409
TNS   : -2.423

Type  : Fast 1200mV -40C Model Setup 'clkdiv[22]'
Slack : -0.291
TNS   : -2.429

Type  : Fast 1200mV -40C Model Hold 'clkdiv[16]'
Slack : 0.180
TNS   : 0.000

Type  : Fast 1200mV -40C Model Hold 'CLK'
Slack : 0.183
TNS   : 0.000

Type  : Fast 1200mV -40C Model Hold 'clkdiv[22]'
Slack : 0.183
TNS   : 0.000

Type  : Fast 1200mV -40C Model Minimum Pulse Width 'CLK'
Slack : -3.000
TNS   : -33.381

Type  : Fast 1200mV -40C Model Minimum Pulse Width 'clkdiv[22]'
Slack : -1.000
TNS   : -31.000

Type  : Fast 1200mV -40C Model Minimum Pulse Width 'clkdiv[16]'
Slack : -1.000
TNS   : -20.000

------------------------------------------------------------
